<html>
<body>
<pre>
<h1>µVision Build Log</h1>
<h2>Tool Versions:</h2>
IDE-Version: ¦ÌVision V5.38.0.0
Copyright (C) 2022 ARM Ltd and ARM Germany GmbH. All rights reserved.
License Information: a mingyu2024@outlook.com, a, LIC=JL28G-VF8AA-UH98H-WK6TH-13VTJ-NEM6P
 
Tool Versions:
Toolchain:       MDK-ARM Plus  Version: 5.36.0.0
Toolchain Path:  C:\Keil_v5\ARM\ARMCLANG\Bin
C Compiler:      ArmClang.exe V6.16
Assembler:       Armasm.exe V6.16
Linker/Locator:  ArmLink.exe V6.16
Library Manager: ArmAr.exe V6.16
Hex Converter:   FromElf.exe V6.16
CPU DLL:         SARMCM3.DLL V5.36.0.0
Dialog DLL:      DARMCM1.DLL V1.19.4.0
Target DLL:      Segger\JL2CM3.dll V2.99.40.0
Dialog DLL:      TARMCM1.DLL V1.14.4.0
 
<h2>Project:</h2>
C:\ti\mspm0_sdk_2_10_00_04\w25q64-gb2312\keil\empty_LP_MSPM0G3507_nortos_keil.uvprojx
Project File Date:  07/02/2026

<h2>Output:</h2>
*** Using Compiler 'V6.16', folder: 'C:\Keil_v5\ARM\ARMCLANG\Bin'
Build target 'empty_LP_MSPM0G3507_nortos_keil'
Before Build - User command #1: cmd.exe /C "C:\ti\mspm0_sdk_2_10_00_04\w25q64-gb2312\keil\../../tools/keil/syscfg.bat 'C:\ti\mspm0_sdk_2_10_00_04\w25q64-gb2312\keil\' empty.syscfg"
Using Sysconfig Tool from "C:\ti\sysconfig_1.28.0\sysconfig_cli.bat"
"Update the file located at <sdk path>/tools/keil/syscfg.bat to use a different version"
Running script...
Validating...
info: WHEEL(/ti/driverlib/PWM): Peripheral does not retain register contents in STOP or STANDBY modes. User should take care to save and restore register configuration in application. See Retention Configuration section for more details.
Generating Code (empty.syscfg)...
Unchanged C:\ti\mspm0_sdk_2_10_00_04\w25q64-gb2312\ti_msp_dl_config.c...
Unchanged C:\ti\mspm0_sdk_2_10_00_04\w25q64-gb2312\ti_msp_dl_config.h...
Unchanged C:\ti\mspm0_sdk_2_10_00_04\w25q64-gb2312\Event.dot...
compiling ti_msp_dl_config.c...
compiling delay.c...
compiling bsp_IR_io.c...
compiling line_following.c...
compiling PWM.c...
compiling font_receiver.c...
../empty.c(37): warning: illegal character encoding in string literal [-Winvalid-source-encoding]
    OLED_ShowChineseString(2, 1, (const uint8_t*)"<BA><CE><D2><E2>Î¶<A3><BF>");  /* <B5>Ú¶<FE><D0><D0><CF><D4>Ê¾<BA><BA><D7><D6> "" (GB2312) */
                                                  ^~~~~~~~~~~~~~~~ ~~~~~~~~
1 warning generated.
compiling empty.c...
compiling Encode.c...
compiling led.c...
compiling uart.c...
compiling key.c...
compiling oled_menu.c...
compiling oled.c...
compiling w25q64.c...
linking...
Program Size: Code=8886 RO-data=234 RW-data=0 ZI-data=1192  
FromELF: creating hex file...
".\Objects\empty_LP_MSPM0G3507_nortos_keil.axf" - 0 Error(s), 1 Warning(s).

<h2>Software Packages used:</h2>

Package Vendor: TexasInstruments
                https://software-dl.ti.com/msp430/esd/MSPM0-CMSIS/MSPM0G1X0X_G3X0X/latest/exports/TexasInstruments.MSPM0G1X0X_G3X0X_DFP.1.3.1.pack
                TexasInstruments.MSPM0G1X0X_G3X0X_DFP.1.3.1
                Device Family Pack for Texas Instruments MSPM0G1X0X_G3X0X Series

<h2>Collection of Component include folders:</h2>

<h2>Collection of Component Files used:</h2>
Build Time Elapsed:  00:00:02
</pre>
</body>
</html>
