Component: ARM Compiler 6.16 Tool: armlink [5dfeaa00]

==============================================================================

Section Cross References

    empty.o(.text.main) refers to ti_msp_dl_config.o(.text.SYSCFG_DL_init) for SYSCFG_DL_init
    empty.o(.text.main) refers to w25q64.o(.text.W25Q64_Init) for W25Q64_Init
    empty.o(.text.main) refers to oled.o(.text.OLED_Init) for OLED_Init
    empty.o(.text.main) refers to font_receiver.o(.text.FontReceiver_Run) for FontReceiver_Run
    empty.o(.text.main) refers to oled.o(.text.OLED_SetFontFlashBase) for OLED_SetFontFlashBase
    empty.o(.text.main) refers to oled.o(.text.OLED_ShowNum) for OLED_ShowNum
    empty.o(.text.main) refers to oled.o(.text.OLED_ShowChineseString) for OLED_ShowChineseString
    empty.o(.text.main) refers to led.o(.text.led_on) for led_on
    empty.o(.ARM.exidx.text.main) refers to empty.o(.text.main) for [Anonymous Symbol]
    empty.o(.text.fputc) refers to uart.o(.text.uart_putc) for uart_putc
    empty.o(.ARM.exidx.text.fputc) refers to empty.o(.text.fputc) for [Anonymous Symbol]
    startup_mspm0g350x_uvision.o(RESET) refers to startup_mspm0g350x_uvision.o(STACK) for __initial_sp
    startup_mspm0g350x_uvision.o(RESET) refers to startup_mspm0g350x_uvision.o(.text) for Reset_Handler
    startup_mspm0g350x_uvision.o(.text) refers to entry.o(.ARM.Collect$$$$00000000) for __main
    ti_msp_dl_config.o(.text.SYSCFG_DL_init) refers to ti_msp_dl_config.o(.text.SYSCFG_DL_initPower) for SYSCFG_DL_initPower
    ti_msp_dl_config.o(.text.SYSCFG_DL_init) refers to ti_msp_dl_config.o(.text.SYSCFG_DL_GPIO_init) for SYSCFG_DL_GPIO_init
    ti_msp_dl_config.o(.text.SYSCFG_DL_init) refers to ti_msp_dl_config.o(.text.SYSCFG_DL_SYSCTL_init) for SYSCFG_DL_SYSCTL_init
    ti_msp_dl_config.o(.text.SYSCFG_DL_init) refers to ti_msp_dl_config.o(.text.SYSCFG_DL_WHEEL_init) for SYSCFG_DL_WHEEL_init
    ti_msp_dl_config.o(.text.SYSCFG_DL_init) refers to ti_msp_dl_config.o(.text.SYSCFG_DL_UART0_init) for SYSCFG_DL_UART0_init
    ti_msp_dl_config.o(.text.SYSCFG_DL_init) refers to ti_msp_dl_config.o(.bss.gWHEELBackup) for gWHEELBackup
    ti_msp_dl_config.o(.ARM.exidx.text.SYSCFG_DL_init) refers to ti_msp_dl_config.o(.text.SYSCFG_DL_init) for [Anonymous Symbol]
    ti_msp_dl_config.o(.text.SYSCFG_DL_initPower) refers to dl_common.o(.text.DL_Common_delayCycles) for DL_Common_delayCycles
    ti_msp_dl_config.o(.ARM.exidx.text.SYSCFG_DL_initPower) refers to ti_msp_dl_config.o(.text.SYSCFG_DL_initPower) for [Anonymous Symbol]
    ti_msp_dl_config.o(.ARM.exidx.text.SYSCFG_DL_GPIO_init) refers to ti_msp_dl_config.o(.text.SYSCFG_DL_GPIO_init) for [Anonymous Symbol]
    ti_msp_dl_config.o(.ARM.exidx.text.SYSCFG_DL_SYSCTL_init) refers to ti_msp_dl_config.o(.text.SYSCFG_DL_SYSCTL_init) for [Anonymous Symbol]
    ti_msp_dl_config.o(.text.SYSCFG_DL_WHEEL_init) refers to dl_timer.o(.text.DL_Timer_setClockConfig) for DL_Timer_setClockConfig
    ti_msp_dl_config.o(.text.SYSCFG_DL_WHEEL_init) refers to dl_timer.o(.text.DL_Timer_initFourCCPWMMode) for DL_Timer_initFourCCPWMMode
    ti_msp_dl_config.o(.text.SYSCFG_DL_WHEEL_init) refers to dl_timer.o(.text.DL_Timer_setCaptureCompareOutCtl) for DL_Timer_setCaptureCompareOutCtl
    ti_msp_dl_config.o(.text.SYSCFG_DL_WHEEL_init) refers to dl_timer.o(.text.DL_Timer_setCaptCompUpdateMethod) for DL_Timer_setCaptCompUpdateMethod
    ti_msp_dl_config.o(.text.SYSCFG_DL_WHEEL_init) refers to dl_timer.o(.text.DL_Timer_setCaptureCompareValue) for DL_Timer_setCaptureCompareValue
    ti_msp_dl_config.o(.text.SYSCFG_DL_WHEEL_init) refers to ti_msp_dl_config.o(.rodata.gWHEELClockConfig) for [Anonymous Symbol]
    ti_msp_dl_config.o(.text.SYSCFG_DL_WHEEL_init) refers to ti_msp_dl_config.o(.rodata.gWHEELConfig) for [Anonymous Symbol]
    ti_msp_dl_config.o(.ARM.exidx.text.SYSCFG_DL_WHEEL_init) refers to ti_msp_dl_config.o(.text.SYSCFG_DL_WHEEL_init) for [Anonymous Symbol]
    ti_msp_dl_config.o(.text.SYSCFG_DL_UART0_init) refers to dl_uart.o(.text.DL_UART_setClockConfig) for DL_UART_setClockConfig
    ti_msp_dl_config.o(.text.SYSCFG_DL_UART0_init) refers to dl_uart.o(.text.DL_UART_init) for DL_UART_init
    ti_msp_dl_config.o(.text.SYSCFG_DL_UART0_init) refers to ti_msp_dl_config.o(.rodata.gUART0ClockConfig) for [Anonymous Symbol]
    ti_msp_dl_config.o(.text.SYSCFG_DL_UART0_init) refers to ti_msp_dl_config.o(.rodata.gUART0Config) for [Anonymous Symbol]
    ti_msp_dl_config.o(.ARM.exidx.text.SYSCFG_DL_UART0_init) refers to ti_msp_dl_config.o(.text.SYSCFG_DL_UART0_init) for [Anonymous Symbol]
    ti_msp_dl_config.o(.text.SYSCFG_DL_saveConfiguration) refers to dl_timer.o(.text.DL_Timer_saveConfiguration) for DL_Timer_saveConfiguration
    ti_msp_dl_config.o(.text.SYSCFG_DL_saveConfiguration) refers to ti_msp_dl_config.o(.bss.gWHEELBackup) for gWHEELBackup
    ti_msp_dl_config.o(.ARM.exidx.text.SYSCFG_DL_saveConfiguration) refers to ti_msp_dl_config.o(.text.SYSCFG_DL_saveConfiguration) for [Anonymous Symbol]
[...]
    bsp_ir_io.o(.ARM.exidx.text.set_adjust_mode) refers to bsp_ir_io.o(.text.set_adjust_mode) for [Anonymous Symbol]
    bsp_ir_io.o(.ARM.exidx.text.Read_IR_SensorByte) refers to bsp_ir_io.o(.text.Read_IR_SensorByte) for [Anonymous Symbol]
    bsp_ir_io.o(.ARM.exidx.text.deal_IRdata) refers to bsp_ir_io.o(.text.deal_IRdata) for [Anonymous Symbol]
    bsp_ir_io.o(.text.OLED_ShowIRSensors) refers to oled.o(.text.OLED_ShowString) for OLED_ShowString
    bsp_ir_io.o(.text.OLED_ShowIRSensors) refers to oled.o(.text.OLED_ShowNum) for OLED_ShowNum
    bsp_ir_io.o(.text.OLED_ShowIRSensors) refers to bsp_ir_io.o(.rodata.str1.1) for [Anonymous Symbol]
    bsp_ir_io.o(.ARM.exidx.text.OLED_ShowIRSensors) refers to bsp_ir_io.o(.text.OLED_ShowIRSensors) for [Anonymous Symbol]
    key.o(.text.KEY_Init) refers to key.o(.bss.startupDone) for [Anonymous Symbol]
    key.o(.ARM.exidx.text.KEY_Init) refers to key.o(.text.KEY_Init) for [Anonymous Symbol]
    key.o(.text.KEY_Scan) refers to delay.o(.text.delay) for delay
    key.o(.text.KEY_Scan) refers to key.o(.data.lastUp) for [Anonymous Symbol]
    key.o(.text.KEY_Scan) refers to key.o(.data.lastDown) for [Anonymous Symbol]
    key.o(.text.KEY_Scan) refers to key.o(.data.lastEnter) for [Anonymous Symbol]
    key.o(.text.KEY_Scan) refers to key.o(.bss.startupDone) for [Anonymous Symbol]
    key.o(.ARM.exidx.text.KEY_Scan) refers to key.o(.text.KEY_Scan) for [Anonymous Symbol]
    line_following.o(.ARM.exidx.text.HAL_GetTick) refers to line_following.o(.text.HAL_GetTick) for [Anonymous Symbol]
    line_following.o(.ARM.exidx.text.PID_Init) refers to line_following.o(.text.PID_Init) for [Anonymous Symbol]
    line_following.o(.text.PID_Calculate) refers to fadd.o(.text) for __aeabi_fsub
    line_following.o(.text.PID_Calculate) refers to fcmpgt.o(.text) for __aeabi_fcmpgt
    line_following.o(.text.PID_Calculate) refers to fcmplt.o(.text) for __aeabi_fcmplt
    line_following.o(.text.PID_Calculate) refers to fmul.o(.text) for __aeabi_fmul
    line_following.o(.text.PID_Calculate) refers to fcmpge.o(.text) for __aeabi_fcmpge
    line_following.o(.ARM.exidx.text.PID_Calculate) refers to line_following.o(.text.PID_Calculate) for [Anonymous Symbol]
    line_following.o(.text.Calculate_Line_Position) refers to fadd.o(.text) for __aeabi_fadd
    line_following.o(.text.Calculate_Line_Position) refers to ffltui.o(.text) for __aeabi_ui2f
    line_following.o(.text.Calculate_Line_Position) refers to fdiv.o(.text) for __aeabi_fdiv
    line_following.o(.text.Calculate_Line_Position) refers to fmul.o(.text) for __aeabi_fmul
    line_following.o(.text.Calculate_Line_Position) refers to line_following.o(.rodata.SENSOR_POSITIONS) for SENSOR_POSITIONS
    line_following.o(.ARM.exidx.text.Calculate_Line_Position) refers to line_following.o(.text.Calculate_Line_Position) for [Anonymous Symbol]
    line_following.o(.text.Wheelbase_Control) refers to fdiv.o(.text) for __aeabi_fdiv
    line_following.o(.text.Wheelbase_Control) refers to fmul.o(.text) for __aeabi_fmul
    line_following.o(.text.Wheelbase_Control) refers to fminf.o(i.fminf) for fminf
    line_following.o(.text.Wheelbase_Control) refers to fadd.o(.text) for __aeabi_fsub
    line_following.o(.text.Wheelbase_Control) refers to fflti.o(.text) for __aeabi_i2f
    line_following.o(.text.Wheelbase_Control) refers to ffixi.o(.text) for __aeabi_f2iz
    line_following.o(.text.Wheelbase_Control) refers to pwm.o(.text.PWM_Run) for PWM_Run
    line_following.o(.ARM.exidx.text.Wheelbase_Control) refers to line_following.o(.text.Wheelbase_Control) for [Anonymous Symbol]
    line_following.o(.text.Line_Following_Init) refers to dl_common.o(.text.DL_Common_delayCycles) for DL_Common_delayCycles
    line_following.o(.text.Line_Following_Init) refers to line_following.o(.bss.line_pid) for [Anonymous Symbol]
    line_following.o(.text.Line_Following_Init) refers to line_following.o(.bss.lost_count) for [Anonymous Symbol]
    line_following.o(.text.Line_Following_Init) refers to line_following.o(.bss.last_valid_position) for [Anonymous Symbol]
    line_following.o(.text.Line_Following_Init) refers to line_following.o(.bss.last_control_time) for [Anonymous Symbol]
    line_following.o(.ARM.exidx.text.Line_Following_Init) refers to line_following.o(.text.Line_Following_Init) for [Anonymous Symbol]
    line_following.o(.text.Line_Following_Update) refers to bsp_ir_io.o(.text.deal_IRdata) for deal_IRdata
    line_following.o(.text.Line_Following_Update) refers to line_following.o(.text.Calculate_Line_Position) for Calculate_Line_Position
    line_following.o(.text.Line_Following_Update) refers to fcmpge.o(.text) for __aeabi_fcmpge
    line_following.o(.text.Line_Following_Update) refers to ffltui.o(.text) for __aeabi_ui2f
    line_following.o(.text.Line_Following_Update) refers to fmul.o(.text) for __aeabi_fmul
    line_following.o(.text.Line_Following_Update) refers to fadd.o(.text) for __aeabi_fadd
    line_following.o(.text.Line_Following_Update) refers to ffixi.o(.text) for __aeabi_f2iz
    line_following.o(.text.Line_Following_Update) refers to fcmpgt.o(.text) for __aeabi_fcmpgt
    line_following.o(.text.Line_Following_Update) refers to line_following.o(.text.PID_Calculate) for PID_Calculate
    line_following.o(.text.Line_Following_Update) refers to fdiv.o(.text) for __aeabi_fdiv
    line_following.o(.text.Line_Following_Update) refers to fminf.o(i.fminf) for fminf
    line_following.o(.text.Line_Following_Update) refers to pwm.o(.text.PWM_Run) for PWM_Run
    line_following.o(.text.Line_Following_Update) refers to line_following.o(.bss.last_control_time) for [Anonymous Symbol]
    line_following.o(.text.Line_Following_Update) refers to line_following.o(.bss.last_valid_position) for [Anonymous Symbol]
    line_following.o(.text.Line_Following_Update) refers to line_following.o(.bss.lost_count) for [Anonymous Symbol]
    line_following.o(.text.Line_Following_Update) refers to line_following.o(.bss.line_pid) for [Anonymous Symbol]
    line_following.o(.ARM.exidx.text.Line_Following_Update) refers to line_following.o(.text.Line_Following_Update) for [Anonymous Symbol]
    oled_menu.o(.ARM.exidx.text.OLED_Menu_Init) refers to oled_menu.o(.text.OLED_Menu_Init) for [Anonymous Symbol]
    oled_menu.o(.ARM.exidx.text.OLED_Menu_SetRoot) refers to oled_menu.o(.text.OLED_Menu_SetRoot) for [Anonymous Symbol]
    oled_menu.o(.text.OLED_Menu_Draw) refers to oled.o(.text.OLED_Clear) for OLED_Clear
    oled_menu.o(.text.OLED_Menu_Draw) refers to oled.o(.text.OLED_ShowString) for OLED_ShowString
    oled_menu.o(.ARM.exidx.text.OLED_Menu_Draw) refers to oled_menu.o(.text.OLED_Menu_Draw) for [Anonymous Symbol]
    oled_menu.o(.text.OLED_Menu_Prev) refers to oled_menu.o(.text.OLED_Menu_Draw) for OLED_Menu_Draw
    oled_menu.o(.ARM.exidx.text.OLED_Menu_Prev) refers to oled_menu.o(.text.OLED_Menu_Prev) for [Anonymous Symbol]
    oled_menu.o(.text.OLED_Menu_Next) refers to oled_menu.o(.text.OLED_Menu_Draw) for OLED_Menu_Draw
    oled_menu.o(.ARM.exidx.text.OLED_Menu_Next) refers to oled_menu.o(.text.OLED_Menu_Next) for [Anonymous Symbol]
    oled_menu.o(.text.OLED_Menu_Enter) refers to oled_menu.o(.text.OLED_Menu_Draw) for OLED_Menu_Draw
    oled_menu.o(.ARM.exidx.text.OLED_Menu_Enter) refers to oled_menu.o(.text.OLED_Menu_Enter) for [Anonymous Symbol]
    oled_menu.o(.text.OLED_Menu_Back) refers to oled_menu.o(.text.OLED_Menu_Draw) for OLED_Menu_Draw
    oled_menu.o(.ARM.exidx.text.OLED_Menu_Back) refers to oled_menu.o(.text.OLED_Menu_Back) for [Anonymous Symbol]
    oled_menu.o(.ARM.exidx.text.OLED_Menu_GetSelection) refers to oled_menu.o(.text.OLED_Menu_GetSelection) for [Anonymous Symbol]
    oled_menu.o(.ARM.exidx.text.OLED_Menu_IsRoot) refers to oled_menu.o(.text.OLED_Menu_IsRoot) for [Anonymous Symbol]
    w25q64.o(.text.W25Q64_Init) refers to delay.o(.text.delay) for delay
    w25q64.o(.ARM.exidx.text.W25Q64_Init) refers to w25q64.o(.text.W25Q64_Init) for [Anonymous Symbol]
    w25q64.o(.text.W25Q64_ReadID) refers to dl_common.o(.text.DL_Common_delayCycles) for DL_Common_delayCycles
    w25q64.o(.ARM.exidx.text.W25Q64_ReadID) refers to w25q64.o(.text.W25Q64_ReadID) for [Anonymous Symbol]
    w25q64.o(.text.W25Q64_ReadStatusReg1) refers to dl_common.o(.text.DL_Common_delayCycles) for DL_Common_delayCycles
    w25q64.o(.ARM.exidx.text.W25Q64_ReadStatusReg1) refers to w25q64.o(.text.W25Q64_ReadStatusReg1) for [Anonymous Symbol]
    w25q64.o(.text.W25Q64_DisableProtection) refers to w25q64.o(.text.W25Q64_SendCmdEnd) for W25Q64_SendCmdEnd
    w25q64.o(.text.W25Q64_DisableProtection) refers to dl_common.o(.text.DL_Common_delayCycles) for DL_Common_delayCycles
    w25q64.o(.text.W25Q64_DisableProtection) refers to w25q64.o(.text.W25Q64_ReadStatusReg1) for W25Q64_ReadStatusReg1
    w25q64.o(.text.W25Q64_DisableProtection) refers to delay.o(.text.delay) for delay
    w25q64.o(.ARM.exidx.text.W25Q64_DisableProtection) refers to w25q64.o(.text.W25Q64_DisableProtection) for [Anonymous Symbol]
    w25q64.o(.text.W25Q64_WriteEnable) refers to w25q64.o(.text.W25Q64_SendCmdEnd) for W25Q64_SendCmdEnd
    w25q64.o(.ARM.exidx.text.W25Q64_WriteEnable) refers to w25q64.o(.text.W25Q64_WriteEnable) for [Anonymous Symbol]
    w25q64.o(.text.W25Q64_WaitBusy) refers to w25q64.o(.text.W25Q64_ReadStatusReg1) for W25Q64_ReadStatusReg1
    w25q64.o(.text.W25Q64_WaitBusy) refers to delay.o(.text.delay) for delay
    w25q64.o(.ARM.exidx.text.W25Q64_WaitBusy) refers to w25q64.o(.text.W25Q64_WaitBusy) for [Anonymous Symbol]
    w25q64.o(.text.W25Q64_SendCmdEnd) refers to dl_common.o(.text.DL_Common_delayCycles) for DL_Common_delayCycles
    w25q64.o(.ARM.exidx.text.W25Q64_SendCmdEnd) refers to w25q64.o(.text.W25Q64_SendCmdEnd) for [Anonymous Symbol]
    w25q64.o(.text.W25Q64_WriteDisable) refers to w25q64.o(.text.W25Q64_SendCmdEnd) for W25Q64_SendCmdEnd
    w25q64.o(.ARM.exidx.text.W25Q64_WriteDisable) refers to w25q64.o(.text.W25Q64_WriteDisable) for [Anonymous Symbol]
    w25q64.o(.text.W25Q64_EraseSector) refers to w25q64.o(.text.W25Q64_SendCmdEnd) for W25Q64_SendCmdEnd
    w25q64.o(.text.W25Q64_EraseSector) refers to dl_common.o(.text.DL_Common_delayCycles) for DL_Common_delayCycles
    w25q64.o(.text.W25Q64_EraseSector) refers to w25q64.o(.text.W25Q64_SendBytes) for W25Q64_SendBytes
    w25q64.o(.text.W25Q64_EraseSector) refers to w25q64.o(.text.W25Q64_ReadStatusReg1) for W25Q64_ReadStatusReg1
    w25q64.o(.text.W25Q64_EraseSector) refers to delay.o(.text.delay) for delay
    w25q64.o(.ARM.exidx.text.W25Q64_EraseSector) refers to w25q64.o(.text.W25Q64_EraseSector) for [Anonymous Symbol]
    w25q64.o(.text.W25Q64_EraseBlock32K) refers to w25q64.o(.text.W25Q64_SendCmdEnd) for W25Q64_SendCmdEnd
    w25q64.o(.text.W25Q64_EraseBlock32K) refers to dl_common.o(.text.DL_Common_delayCycles) for DL_Common_delayCycles
    w25q64.o(.text.W25Q64_EraseBlock32K) refers to w25q64.o(.text.W25Q64_SendBytes) for W25Q64_SendBytes
    w25q64.o(.text.W25Q64_EraseBlock32K) refers to w25q64.o(.text.W25Q64_ReadStatusReg1) for W25Q64_ReadStatusReg1
    w25q64.o(.text.W25Q64_EraseBlock32K) refers to delay.o(.text.delay) for delay
    w25q64.o(.ARM.exidx.text.W25Q64_EraseBlock32K) refers to w25q64.o(.text.W25Q64_EraseBlock32K) for [Anonymous Symbol]
    w25q64.o(.text.W25Q64_EraseBlock64K) refers to w25q64.o(.text.W25Q64_SendCmdEnd) for W25Q64_SendCmdEnd
    w25q64.o(.text.W25Q64_EraseBlock64K) refers to dl_common.o(.text.DL_Common_delayCycles) for DL_Common_delayCycles
    w25q64.o(.text.W25Q64_EraseBlock64K) refers to w25q64.o(.text.W25Q64_SendBytes) for W25Q64_SendBytes
    w25q64.o(.text.W25Q64_EraseBlock64K) refers to w25q64.o(.text.W25Q64_ReadStatusReg1) for W25Q64_ReadStatusReg1
    w25q64.o(.text.W25Q64_EraseBlock64K) refers to delay.o(.text.delay) for delay
    w25q64.o(.ARM.exidx.text.W25Q64_EraseBlock64K) refers to w25q64.o(.text.W25Q64_EraseBlock64K) for [Anonymous Symbol]
    w25q64.o(.text.W25Q64_ChipErase) refers to w25q64.o(.text.W25Q64_SendCmdEnd) for W25Q64_SendCmdEnd
    w25q64.o(.text.W25Q64_ChipErase) refers to dl_common.o(.text.DL_Common_delayCycles) for DL_Common_delayCycles
    w25q64.o(.text.W25Q64_ChipErase) refers to w25q64.o(.text.W25Q64_ReadStatusReg1) for W25Q64_ReadStatusReg1
    w25q64.o(.text.W25Q64_ChipErase) refers to delay.o(.text.delay) for delay
    w25q64.o(.ARM.exidx.text.W25Q64_ChipErase) refers to w25q64.o(.text.W25Q64_ChipErase) for [Anonymous Symbol]
    w25q64.o(.text.W25Q64_WritePage) refers to w25q64.o(.text.W25Q64_SendCmdEnd) for W25Q64_SendCmdEnd
    w25q64.o(.text.W25Q64_WritePage) refers to dl_common.o(.text.DL_Common_delayCycles) for DL_Common_delayCycles
    w25q64.o(.text.W25Q64_WritePage) refers to w25q64.o(.text.W25Q64_SendBytes) for W25Q64_SendBytes
    w25q64.o(.text.W25Q64_WritePage) refers to w25q64.o(.text.W25Q64_ReadStatusReg1) for W25Q64_ReadStatusReg1
    w25q64.o(.text.W25Q64_WritePage) refers to delay.o(.text.delay) for delay
    w25q64.o(.ARM.exidx.text.W25Q64_WritePage) refers to w25q64.o(.text.W25Q64_WritePage) for [Anonymous Symbol]
    w25q64.o(.text.W25Q64_SendBytes) refers to dl_common.o(.text.DL_Common_delayCycles) for DL_Common_delayCycles
    w25q64.o(.ARM.exidx.text.W25Q64_SendBytes) refers to w25q64.o(.text.W25Q64_SendBytes) for [Anonymous Symbol]
    w25q64.o(.text.W25Q64_Write) refers to w25q64.o(.text.W25Q64_EraseSector) for W25Q64_EraseSector
    w25q64.o(.text.W25Q64_Write) refers to w25q64.o(.text.W25Q64_WritePage) for W25Q64_WritePage
    w25q64.o(.ARM.exidx.text.W25Q64_Write) refers to w25q64.o(.text.W25Q64_Write) for [Anonymous Symbol]
    w25q64.o(.text.W25Q64_ReadData) refers to dl_common.o(.text.DL_Common_delayCycles) for DL_Common_delayCycles
    w25q64.o(.text.W25Q64_ReadData) refers to w25q64.o(.text.W25Q64_SendBytes) for W25Q64_SendBytes
    w25q64.o(.ARM.exidx.text.W25Q64_ReadData) refers to w25q64.o(.text.W25Q64_ReadData) for [Anonymous Symbol]
    font_receiver.o(.text.FontReceiver_Run) refers to uart.o(.text.uart_getc) for uart_getc
    font_receiver.o(.text.FontReceiver_Run) refers to uart.o(.text.uart_putc) for uart_putc
    font_receiver.o(.text.FontReceiver_Run) refers to w25q64.o(.text.W25Q64_DisableProtection) for W25Q64_DisableProtection
    font_receiver.o(.text.FontReceiver_Run) refers to w25q64.o(.text.W25Q64_EraseSector) for W25Q64_EraseSector
    font_receiver.o(.text.FontReceiver_Run) refers to uart.o(.text.uart_available) for uart_available
    font_receiver.o(.text.FontReceiver_Run) refers to w25q64.o(.text.W25Q64_Write) for W25Q64_Write
    font_receiver.o(.text.FontReceiver_Run) refers to w25q64.o(.text.W25Q64_ReadData) for W25Q64_ReadData
    font_receiver.o(.text.FontReceiver_Run) refers to font_receiver.o(.text.calc_flash_crc) for calc_flash_crc
    font_receiver.o(.ARM.exidx.text.FontReceiver_Run) refers to font_receiver.o(.text.FontReceiver_Run) for [Anonymous Symbol]
    font_receiver.o(.text.calc_flash_crc) refers to w25q64.o(.text.W25Q64_ReadData) for W25Q64_ReadData
    font_receiver.o(.ARM.exidx.text.calc_flash_crc) refers to font_receiver.o(.text.calc_flash_crc) for [Anonymous Symbol]
    font_receiver.o(.text.FontReceiver_VerifyFlash) refers to uart.o(.text.uart_getc) for uart_getc
    font_receiver.o(.text.FontReceiver_VerifyFlash) refers to uart.o(.text.uart_putc) for uart_putc
    font_receiver.o(.text.FontReceiver_VerifyFlash) refers to font_receiver.o(.text.calc_flash_crc) for calc_flash_crc
    font_receiver.o(.ARM.exidx.text.FontReceiver_VerifyFlash) refers to font_receiver.o(.text.FontReceiver_VerifyFlash) for [Anonymous Symbol]
    uart.o(.text.uart_putc) refers to dl_uart.o(.text.DL_UART_transmitDataBlocking) for DL_UART_transmitDataBlocking
    uart.o(.ARM.exidx.text.uart_putc) refers to uart.o(.text.uart_putc) for [Anonymous Symbol]
    uart.o(.text.uart_getc) refers to dl_uart.o(.text.DL_UART_receiveDataBlocking) for DL_UART_receiveDataBlocking
    uart.o(.ARM.exidx.text.uart_getc) refers to uart.o(.text.uart_getc) for [Anonymous Symbol]
    uart.o(.ARM.exidx.text.uart_available) refers to uart.o(.text.uart_available) for [Anonymous Symbol]
    uart.o(.text.uart_puts) refers to dl_uart.o(.text.DL_UART_transmitDataBlocking) for DL_UART_transmitDataBlocking
    uart.o(.ARM.exidx.text.uart_puts) refers to uart.o(.text.uart_puts) for [Anonymous Symbol]
    uart.o(.text.uart_puthex) refers to dl_uart.o(.text.DL_UART_transmitDataBlocking) for DL_UART_transmitDataBlocking
    uart.o(.text.uart_puthex) refers to uart.o(.rodata.str1.1) for [Anonymous Symbol]
    uart.o(.ARM.exidx.text.uart_puthex) refers to uart.o(.text.uart_puthex) for [Anonymous Symbol]
    led.o(.ARM.exidx.text.led_on) refers to led.o(.text.led_on) for [Anonymous Symbol]
    led.o(.ARM.exidx.text.led_off) refers to led.o(.text.led_off) for [Anonymous Symbol]
    dl_common.o(.ARM.exidx.text.DL_Common_delayCycles) refers to dl_common.o(.text.DL_Common_delayCycles) for [Anonymous Symbol]
    dl_timer.o(.ARM.exidx.text.DL_Timer_setClockConfig) refers to dl_timer.o(.text.DL_Timer_setClockConfig) for [Anonymous Symbol]
    dl_timer.o(.ARM.exidx.text.DL_Timer_getClockConfig) refers to dl_timer.o(.text.DL_Timer_getClockConfig) for [Anonymous Symbol]
    dl_timer.o(.ARM.exidx.text.DL_Timer_initTimerMode) refers to dl_timer.o(.text.DL_Timer_initTimerMode) for [Anonymous Symbol]
    dl_timer.o(.ARM.exidx.text.DL_Timer_setCaptureCompareValue) refers to dl_timer.o(.text.DL_Timer_setCaptureCompareValue) for [Anonymous Symbol]
    dl_timer.o(.ARM.exidx.text.DL_Timer_setCaptureCompareCtl) refers to dl_timer.o(.text.DL_Timer_setCaptureCompareCtl) for [Anonymous Symbol]
    dl_timer.o(.text.DL_Timer_initCaptureMode) refers to dl_timer.o(.rodata..Lswitch.table.DL_Timer_initCompareMode) for [Anonymous Symbol]
    dl_timer.o(.ARM.exidx.text.DL_Timer_initCaptureMode) refers to dl_timer.o(.text.DL_Timer_initCaptureMode) for [Anonymous Symbol]
    dl_timer.o(.ARM.exidx.text.DL_Timer_setCaptureCompareInput) refers to dl_timer.o(.text.DL_Timer_setCaptureCompareInput) for [Anonymous Symbol]
    dl_timer.o(.ARM.exidx.text.DL_Timer_initCaptureTriggerMode) refers to dl_timer.o(.text.DL_Timer_initCaptureTriggerMode) for [Anonymous Symbol]
    dl_timer.o(.text.DL_Timer_initCaptureCombinedMode) refers to dl_timer.o(.rodata..Lswitch.table.DL_Timer_initCompareMode) for [Anonymous Symbol]
    dl_timer.o(.ARM.exidx.text.DL_Timer_initCaptureCombinedMode) refers to dl_timer.o(.text.DL_Timer_initCaptureCombinedMode) for [Anonymous Symbol]
    dl_timer.o(.text.DL_Timer_initCompareMode) refers to dl_timer.o(.rodata..Lswitch.table.DL_Timer_initCompareMode) for [Anonymous Symbol]
    dl_timer.o(.ARM.exidx.text.DL_Timer_initCompareMode) refers to dl_timer.o(.text.DL_Timer_initCompareMode) for [Anonymous Symbol]
    dl_timer.o(.ARM.exidx.text.DL_Timer_initCompareTriggerMode) refers to dl_timer.o(.text.DL_Timer_initCompareTriggerMode) for [Anonymous Symbol]
    dl_timer.o(.ARM.exidx.text.DL_Timer_getCaptureCompareValue) refers to dl_timer.o(.text.DL_Timer_getCaptureCompareValue) for [Anonymous Symbol]
    dl_timer.o(.ARM.exidx.text.DL_Timer_getCaptureCompareCtl) refers to dl_timer.o(.text.DL_Timer_getCaptureCompareCtl) for [Anonymous Symbol]
    dl_timer.o(.ARM.exidx.text.DL_Timer_setSecondCompSrcDn) refers to dl_timer.o(.text.DL_Timer_setSecondCompSrcDn) for [Anonymous Symbol]
    dl_timer.o(.ARM.exidx.text.DL_Timer_getSecondCompSrcDn) refers to dl_timer.o(.text.DL_Timer_getSecondCompSrcDn) for [Anonymous Symbol]
    dl_timer.o(.ARM.exidx.text.DL_Timer_setSecondCompSrcUp) refers to dl_timer.o(.text.DL_Timer_setSecondCompSrcUp) for [Anonymous Symbol]
    dl_timer.o(.ARM.exidx.text.DL_Timer_getSecondCompSrcUp) refers to dl_timer.o(.text.DL_Timer_getSecondCompSrcUp) for [Anonymous Symbol]
    dl_timer.o(.ARM.exidx.text.DL_Timer_setSecondCompActionDn) refers to dl_timer.o(.text.DL_Timer_setSecondCompActionDn) for [Anonymous Symbol]
    dl_timer.o(.ARM.exidx.text.DL_Timer_getSecondCompActionDn) refers to dl_timer.o(.text.DL_Timer_getSecondCompActionDn) for [Anonymous Symbol]
    dl_timer.o(.ARM.exidx.text.DL_Timer_setSecondCompActionUp) refers to dl_timer.o(.text.DL_Timer_setSecondCompActionUp) for [Anonymous Symbol]
    dl_timer.o(.ARM.exidx.text.DL_Timer_getSecondCompActionUp) refers to dl_timer.o(.text.DL_Timer_getSecondCompActionUp) for [Anonymous Symbol]
    dl_timer.o(.ARM.exidx.text.DL_Timer_enableSuppressionOfCompEvent) refers to dl_timer.o(.text.DL_Timer_enableSuppressionOfCompEvent) for [Anonymous Symbol]
    dl_timer.o(.ARM.exidx.text.DL_Timer_disableSuppressionOfCompEvent) refers to dl_timer.o(.text.DL_Timer_disableSuppressionOfCompEvent) for [Anonymous Symbol]
    dl_timer.o(.ARM.exidx.text.DL_Timer_setCaptCompUpdateMethod) refers to dl_timer.o(.text.DL_Timer_setCaptCompUpdateMethod) for [Anonymous Symbol]
    dl_timer.o(.ARM.exidx.text.DL_Timer_getCaptCompUpdateMethod) refers to dl_timer.o(.text.DL_Timer_getCaptCompUpdateMethod) for [Anonymous Symbol]
    dl_timer.o(.ARM.exidx.text.DL_Timer_setCaptCompActUpdateMethod) refers to dl_timer.o(.text.DL_Timer_setCaptCompActUpdateMethod) for [Anonymous Symbol]
    dl_timer.o(.ARM.exidx.text.DL_Timer_getCaptCompActUpdateMethod) refers to dl_timer.o(.text.DL_Timer_getCaptCompActUpdateMethod) for [Anonymous Symbol]
    dl_timer.o(.ARM.exidx.text.DL_Timer_setCaptureCompareOutCtl) refers to dl_timer.o(.text.DL_Timer_setCaptureCompareOutCtl) for [Anonymous Symbol]
    dl_timer.o(.ARM.exidx.text.DL_Timer_getCaptureCompareOutCtl) refers to dl_timer.o(.text.DL_Timer_getCaptureCompareOutCtl) for [Anonymous Symbol]
    dl_timer.o(.ARM.exidx.text.DL_Timer_setCaptureCompareAction) refers to dl_timer.o(.text.DL_Timer_setCaptureCompareAction) for [Anonymous Symbol]
    dl_timer.o(.ARM.exidx.text.DL_Timer_getCaptureCompareAction) refers to dl_timer.o(.text.DL_Timer_getCaptureCompareAction) for [Anonymous Symbol]
    dl_timer.o(.ARM.exidx.text.DL_Timer_overrideCCPOut) refers to dl_timer.o(.text.DL_Timer_overrideCCPOut) for [Anonymous Symbol]
    dl_timer.o(.ARM.exidx.text.DL_Timer_getCaptureCompareInput) refers to dl_timer.o(.text.DL_Timer_getCaptureCompareInput) for [Anonymous Symbol]
    dl_timer.o(.ARM.exidx.text.DL_Timer_setCaptureCompareInputFilter) refers to dl_timer.o(.text.DL_Timer_setCaptureCompareInputFilter) for [Anonymous Symbol]
    dl_timer.o(.ARM.exidx.text.DL_Timer_getCaptureCompareInputFilter) refers to dl_timer.o(.text.DL_Timer_getCaptureCompareInputFilter) for [Anonymous Symbol]
    dl_timer.o(.ARM.exidx.text.DL_Timer_enableCaptureCompareInputFilter) refers to dl_timer.o(.text.DL_Timer_enableCaptureCompareInputFilter) for [Anonymous Symbol]
    dl_timer.o(.ARM.exidx.text.DL_Timer_disableCaptureCompareInputFilter) refers to dl_timer.o(.text.DL_Timer_disableCaptureCompareInputFilter) for [Anonymous Symbol]
    dl_timer.o(.ARM.exidx.text.DL_Timer_isCaptureCompareInputFilterEnabled) refers to dl_timer.o(.text.DL_Timer_isCaptureCompareInputFilterEnabled) for [Anonymous Symbol]
    dl_timer.o(.ARM.exidx.text.DL_Timer_saveConfiguration) refers to dl_timer.o(.text.DL_Timer_saveConfiguration) for [Anonymous Symbol]
    dl_timer.o(.ARM.exidx.text.DL_Timer_restoreConfiguration) refers to dl_timer.o(.text.DL_Timer_restoreConfiguration) for [Anonymous Symbol]
    dl_timer.o(.ARM.exidx.text.DL_Timer_initFourCCPWMMode) refers to dl_timer.o(.text.DL_Timer_initFourCCPWMMode) for [Anonymous Symbol]
    dl_timer.o(.ARM.exidx.text.DL_Timer_setFaultSourceConfig) refers to dl_timer.o(.text.DL_Timer_setFaultSourceConfig) for [Anonymous Symbol]
    dl_timer.o(.ARM.exidx.text.DL_Timer_getFaultSourceConfig) refers to dl_timer.o(.text.DL_Timer_getFaultSourceConfig) for [Anonymous Symbol]
    dl_timer.o(.ARM.exidx.text.DL_TimerA_saveConfiguration) refers to dl_timer.o(.text.DL_TimerA_saveConfiguration) for [Anonymous Symbol]
    dl_timer.o(.ARM.exidx.text.DL_TimerA_restoreConfiguration) refers to dl_timer.o(.text.DL_TimerA_restoreConfiguration) for [Anonymous Symbol]
    dl_timer.o(.ARM.exidx.text.DL_Timer_configQEIHallInputMode) refers to dl_timer.o(.text.DL_Timer_configQEIHallInputMode) for [Anonymous Symbol]
    dl_uart.o(.ARM.exidx.text.DL_UART_init) refers to dl_uart.o(.text.DL_UART_init) for [Anonymous Symbol]
    dl_uart.o(.ARM.exidx.text.DL_UART_setClockConfig) refers to dl_uart.o(.text.DL_UART_setClockConfig) for [Anonymous Symbol]
    dl_uart.o(.ARM.exidx.text.DL_UART_getClockConfig) refers to dl_uart.o(.text.DL_UART_getClockConfig) for [Anonymous Symbol]
    dl_uart.o(.text.DL_UART_configBaudRate) refers to uidiv_div0.o(.text) for __aeabi_uidiv
    dl_uart.o(.ARM.exidx.text.DL_UART_configBaudRate) refers to dl_uart.o(.text.DL_UART_configBaudRate) for [Anonymous Symbol]
    dl_uart.o(.ARM.exidx.text.DL_UART_configIrDAMode) refers to dl_uart.o(.text.DL_UART_configIrDAMode) for [Anonymous Symbol]
    dl_uart.o(.ARM.exidx.text.DL_UART_setIrDAPulseLength) refers to dl_uart.o(.text.DL_UART_setIrDAPulseLength) for [Anonymous Symbol]
    dl_uart.o(.ARM.exidx.text.DL_UART_receiveDataBlocking) refers to dl_uart.o(.text.DL_UART_receiveDataBlocking) for [Anonymous Symbol]
    dl_uart.o(.ARM.exidx.text.DL_UART_transmitDataBlocking) refers to dl_uart.o(.text.DL_UART_transmitDataBlocking) for [Anonymous Symbol]
    dl_uart.o(.ARM.exidx.text.DL_UART_receiveDataCheck) refers to dl_uart.o(.text.DL_UART_receiveDataCheck) for [Anonymous Symbol]
    dl_uart.o(.ARM.exidx.text.DL_UART_transmitDataCheck) refers to dl_uart.o(.text.DL_UART_transmitDataCheck) for [Anonymous Symbol]
    dl_uart.o(.ARM.exidx.text.DL_UART_drainRXFIFO) refers to dl_uart.o(.text.DL_UART_drainRXFIFO) for [Anonymous Symbol]
    dl_uart.o(.ARM.exidx.text.DL_UART_fillTXFIFO) refers to dl_uart.o(.text.DL_UART_fillTXFIFO) for [Anonymous Symbol]
    dl_uart.o(.ARM.exidx.text.DL_UART_Main_saveConfiguration) refers to dl_uart.o(.text.DL_UART_Main_saveConfiguration) for [Anonymous Symbol]
    dl_uart.o(.ARM.exidx.text.DL_UART_Main_restoreConfiguration) refers to dl_uart.o(.text.DL_UART_Main_restoreConfiguration) for [Anonymous Symbol]
    dl_uart.o(.ARM.exidx.text.DL_UART_Extend_saveConfiguration) refers to dl_uart.o(.text.DL_UART_Extend_saveConfiguration) for [Anonymous Symbol]
    dl_uart.o(.ARM.exidx.text.DL_UART_Extend_restoreConfiguration) refers to dl_uart.o(.text.DL_UART_Extend_restoreConfiguration) for [Anonymous Symbol]
    fminf.o(i.fminf) refers (Special) to iusefp.o(.text) for __I$use$fp
    fminf.o(i.fminf) refers to fcmp4.o(.text) for __ARM_fcmp4
    entry.o(.ARM.Collect$$$$00000000) refers (Special) to entry10a.o(.ARM.Collect$$$$0000000D) for __rt_final_cpp
    entry.o(.ARM.Collect$$$$00000000) refers (Special) to entry11a.o(.ARM.Collect$$$$0000000F) for __rt_final_exit
    entry.o(.ARM.Collect$$$$00000000) refers (Special) to entry7b.o(.ARM.Collect$$$$00000008) for _main_clock
    entry.o(.ARM.Collect$$$$00000000) refers (Special) to entry8b.o(.ARM.Collect$$$$0000000A) for _main_cpp_init
    entry.o(.ARM.Collect$$$$00000000) refers (Special) to entry9a.o(.ARM.Collect$$$$0000000B) for _main_init
    entry.o(.ARM.Collect$$$$00000000) refers (Special) to entry5.o(.ARM.Collect$$$$00000004) for _main_scatterload
    entry.o(.ARM.Collect$$$$00000000) refers (Special) to entry2.o(.ARM.Collect$$$$00000001) for _main_stk
    fadd.o(.text) refers (Special) to iusefp.o(.text) for __I$use$fp
    fadd.o(.text) refers to fepilogue.o(.text) for _float_epilogue
    fmul.o(.text) refers (Special) to iusefp.o(.text) for __I$use$fp
    fdiv.o(.text) refers (Special) to iusefp.o(.text) for __I$use$fp
    fdiv.o(.text) refers to fepilogue.o(.text) for _float_round
    fcmplt.o(.text) refers (Special) to iusefp.o(.text) for __I$use$fp
    fcmpge.o(.text) refers (Special) to iusefp.o(.text) for __I$use$fp
    fcmpgt.o(.text) refers (Special) to iusefp.o(.text) for __I$use$fp
    fflti.o(.text) refers (Special) to iusefp.o(.text) for __I$use$fp
    fflti.o(.text) refers to fepilogue.o(.text) for _float_epilogue
    ffltui.o(.text) refers (Special) to iusefp.o(.text) for __I$use$fp
    ffltui.o(.text) refers to fepilogue.o(.text) for _float_epilogue
    ffixi.o(.text) refers (Special) to iusefp.o(.text) for __I$use$fp
    entry2.o(.ARM.Collect$$$$00000001) refers to entry2.o(.ARM.Collect$$$$00002712) for __lit__00000000
    entry2.o(.ARM.Collect$$$$00002712) refers to startup_mspm0g350x_uvision.o(STACK) for __initial_sp
    entry2.o(__vectab_stack_and_reset_area) refers to startup_mspm0g350x_uvision.o(STACK) for __initial_sp
    entry2.o(__vectab_stack_and_reset_area) refers to entry.o(.ARM.Collect$$$$00000000) for __main
    entry5.o(.ARM.Collect$$$$00000004) refers to init.o(.text) for __scatterload
    entry9a.o(.ARM.Collect$$$$0000000B) refers to empty.o(.text.main) for main
    entry9b.o(.ARM.Collect$$$$0000000C) refers to empty.o(.text.main) for main
    idiv_div0.o(.text) refers to uidiv_div0.o(.text) for __aeabi_uidivmod
    fepilogue.o(.text) refers (Special) to iusefp.o(.text) for __I$use$fp
    fcmp4.o(.text) refers (Special) to iusefp.o(.text) for __I$use$fp
    init.o(.text) refers to entry5.o(.ARM.Collect$$$$00000004) for __main_after_scatterload


==============================================================================

Removing Unused input sections from the image.

    Removing empty.o(.text), (0 bytes).
    Removing empty.o(.ARM.exidx.text.main), (8 bytes).
    Removing empty.o(.text.fputc), (24 bytes).
    Removing empty.o(.ARM.exidx.text.fputc), (8 bytes).
    Removing empty.o(.ARM.use_no_argv), (4 bytes).
    Removing startup_mspm0g350x_uvision.o(HEAP), (0 bytes).
    Removing ti_msp_dl_config.o(.text), (0 bytes).
    Removing ti_msp_dl_config.o(.ARM.exidx.text.SYSCFG_DL_init), (8 bytes).
    Removing ti_msp_dl_config.o(.ARM.exidx.text.SYSCFG_DL_initPower), (8 bytes).
    Removing ti_msp_dl_config.o(.ARM.exidx.text.SYSCFG_DL_GPIO_init), (8 bytes).
    Removing ti_msp_dl_config.o(.ARM.exidx.text.SYSCFG_DL_SYSCTL_init), (8 bytes).
    Removing ti_msp_dl_config.o(.ARM.exidx.text.SYSCFG_DL_WHEEL_init), (8 bytes).
    Removing ti_msp_dl_config.o(.ARM.exidx.text.SYSCFG_DL_UART0_init), (8 bytes).
    Removing ti_msp_dl_config.o(.text.SYSCFG_DL_saveConfiguration), (20 bytes).
    Removing ti_msp_dl_config.o(.ARM.exidx.text.SYSCFG_DL_saveConfiguration), (8 bytes).
    Removing ti_msp_dl_config.o(.text.SYSCFG_DL_restoreConfiguration), (24 bytes).
    Removing ti_msp_dl_config.o(.ARM.exidx.text.SYSCFG_DL_restoreConfiguration), (8 bytes).
    Removing oled.o(.text), (0 bytes).
    Removing oled.o(.ARM.exidx.text.OLED_Clear), (8 bytes).
    Removing oled.o(.ARM.exidx.text.OLED_Init), (8 bytes).
    Removing oled.o(.text.OLED_ShowChar), (64 bytes).
    Removing oled.o(.ARM.exidx.text.OLED_ShowChar), (8 bytes).
    Removing oled.o(.ARM.exidx.text.OLED_ShowChinese), (8 bytes).
    Removing oled.o(.text.OLED_ShowString), (116 bytes).
    Removing oled.o(.ARM.exidx.text.OLED_ShowString), (8 bytes).
    Removing oled.o(.ARM.exidx.text.OLED_ShowNum), (8 bytes).
    Removing oled.o(.text.OLED_ShowSignedNum), (184 bytes).
    Removing oled.o(.ARM.exidx.text.OLED_ShowSignedNum), (8 bytes).
    Removing oled.o(.text.OLED_ShowHexNum), (148 bytes).
    Removing oled.o(.ARM.exidx.text.OLED_ShowHexNum), (8 bytes).
    Removing oled.o(.text.OLED_ShowBinNum), (108 bytes).
    Removing oled.o(.ARM.exidx.text.OLED_ShowBinNum), (8 bytes).
    Removing oled.o(.ARM.exidx.text.OLED_SetFontFlashBase), (8 bytes).
    Removing oled.o(.text.OLED_GetGB2312Bitmap), (68 bytes).
    Removing oled.o(.ARM.exidx.text.OLED_GetGB2312Bitmap), (8 bytes).
    Removing oled.o(.ARM.exidx.text.OLED_ShowChineseString), (8 bytes).
    Removing oled.o(.text.OLED_ShowMixedString), (140 bytes).
    Removing oled.o(.ARM.exidx.text.OLED_ShowMixedString), (8 bytes).
    Removing oled.o(.ARM.exidx.text.OLED_I2C_SendByte), (8 bytes).
    Removing delay.o(.text), (0 bytes).
    Removing delay.o(.ARM.exidx.text.delay), (8 bytes).
    Removing encode.o(.text), (0 bytes).
    Removing encode.o(.text.encode_getcount), (100 bytes).
    Removing encode.o(.ARM.exidx.text.encode_getcount), (8 bytes).
    Removing encode.o(.text.Encode_GetspeedL), (12 bytes).
    Removing encode.o(.ARM.exidx.text.Encode_GetspeedL), (8 bytes).
    Removing encode.o(.text.Encode_GetspeedR), (12 bytes).
    Removing encode.o(.ARM.exidx.text.Encode_GetspeedR), (8 bytes).
    Removing encode.o(.bss.encode_L), (2 bytes).
    Removing encode.o(.bss.encode_R), (2 bytes).
    Removing pwm.o(.text), (0 bytes).
    Removing pwm.o(.text.PWM_SetCompare), (20 bytes).
    Removing pwm.o(.ARM.exidx.text.PWM_SetCompare), (8 bytes).
    Removing pwm.o(.text.GPIO_WritePin), (24 bytes).
    Removing pwm.o(.ARM.exidx.text.GPIO_WritePin), (8 bytes).
    Removing pwm.o(.text.PWM_init), (72 bytes).
    Removing pwm.o(.ARM.exidx.text.PWM_init), (8 bytes).
    Removing pwm.o(.text.PWM_sleep), (60 bytes).
    Removing pwm.o(.ARM.exidx.text.PWM_sleep), (8 bytes).
    Removing pwm.o(.text.PWM_Run), (140 bytes).
    Removing pwm.o(.ARM.exidx.text.PWM_Run), (8 bytes).
    Removing pwm.o(.text.PWM_stop), (128 bytes).
    Removing pwm.o(.ARM.exidx.text.PWM_stop), (8 bytes).
    Removing pwm.o(.rodata.str1.1), (5 bytes).
    Removing bsp_ir_io.o(.text), (0 bytes).
    Removing bsp_ir_io.o(.text.set_adjust_mode), (2 bytes).
    Removing bsp_ir_io.o(.ARM.exidx.text.set_adjust_mode), (8 bytes).
    Removing bsp_ir_io.o(.text.Read_IR_SensorByte), (88 bytes).
    Removing bsp_ir_io.o(.ARM.exidx.text.Read_IR_SensorByte), (8 bytes).
    Removing bsp_ir_io.o(.text.deal_IRdata), (108 bytes).
    Removing bsp_ir_io.o(.ARM.exidx.text.deal_IRdata), (8 bytes).
    Removing bsp_ir_io.o(.text.OLED_ShowIRSensors), (308 bytes).
    Removing bsp_ir_io.o(.ARM.exidx.text.OLED_ShowIRSensors), (8 bytes).
    Removing bsp_ir_io.o(.rodata.str1.1), (2 bytes).
    Removing key.o(.text), (0 bytes).
    Removing key.o(.text.KEY_Init), (12 bytes).
    Removing key.o(.ARM.exidx.text.KEY_Init), (8 bytes).
    Removing key.o(.text.KEY_Scan), (200 bytes).
    Removing key.o(.ARM.exidx.text.KEY_Scan), (8 bytes).
    Removing key.o(.bss.startupDone), (1 bytes).
    Removing key.o(.data.lastUp), (1 bytes).
    Removing key.o(.data.lastDown), (1 bytes).
    Removing key.o(.data.lastEnter), (1 bytes).
    Removing line_following.o(.text), (0 bytes).
    Removing line_following.o(.text.HAL_GetTick), (12 bytes).
    Removing line_following.o(.ARM.exidx.text.HAL_GetTick), (8 bytes).
    Removing line_following.o(.text.PID_Init), (20 bytes).
    Removing line_following.o(.ARM.exidx.text.PID_Init), (8 bytes).
    Removing line_following.o(.text.PID_Calculate), (256 bytes).
    Removing line_following.o(.ARM.exidx.text.PID_Calculate), (8 bytes).
    Removing line_following.o(.text.Calculate_Line_Position), (352 bytes).
    Removing line_following.o(.ARM.exidx.text.Calculate_Line_Position), (8 bytes).
    Removing line_following.o(.text.Wheelbase_Control), (132 bytes).
    Removing line_following.o(.ARM.exidx.text.Wheelbase_Control), (8 bytes).
    Removing line_following.o(.text.Line_Following_Init), (88 bytes).
    Removing line_following.o(.ARM.exidx.text.Line_Following_Init), (8 bytes).
    Removing line_following.o(.text.Line_Following_Update), (412 bytes).
    Removing line_following.o(.ARM.exidx.text.Line_Following_Update), (8 bytes).
    Removing line_following.o(.rodata.SENSOR_POSITIONS), (32 bytes).
    Removing line_following.o(.bss.line_pid), (32 bytes).
    Removing line_following.o(.bss.lost_count), (1 bytes).
    Removing line_following.o(.bss.last_valid_position), (4 bytes).
    Removing line_following.o(.bss.last_control_time), (4 bytes).
    Removing oled_menu.o(.text), (0 bytes).
    Removing oled_menu.o(.text.OLED_Menu_Init), (14 bytes).
    Removing oled_menu.o(.ARM.exidx.text.OLED_Menu_Init), (8 bytes).
    Removing oled_menu.o(.text.OLED_Menu_SetRoot), (18 bytes).
    Removing oled_menu.o(.ARM.exidx.text.OLED_Menu_SetRoot), (8 bytes).
    Removing oled_menu.o(.text.OLED_Menu_Draw), (328 bytes).
    Removing oled_menu.o(.ARM.exidx.text.OLED_Menu_Draw), (8 bytes).
    Removing oled_menu.o(.text.OLED_Menu_Prev), (92 bytes).
    Removing oled_menu.o(.ARM.exidx.text.OLED_Menu_Prev), (8 bytes).
    Removing oled_menu.o(.text.OLED_Menu_Next), (90 bytes).
    Removing oled_menu.o(.ARM.exidx.text.OLED_Menu_Next), (8 bytes).
    Removing oled_menu.o(.text.OLED_Menu_Enter), (108 bytes).
    Removing oled_menu.o(.ARM.exidx.text.OLED_Menu_Enter), (8 bytes).
    Removing oled_menu.o(.text.OLED_Menu_Back), (48 bytes).
    Removing oled_menu.o(.ARM.exidx.text.OLED_Menu_Back), (8 bytes).
    Removing oled_menu.o(.text.OLED_Menu_GetSelection), (4 bytes).
    Removing oled_menu.o(.ARM.exidx.text.OLED_Menu_GetSelection), (8 bytes).
    Removing oled_menu.o(.text.OLED_Menu_IsRoot), (10 bytes).
    Removing oled_menu.o(.ARM.exidx.text.OLED_Menu_IsRoot), (8 bytes).
    Removing w25q64.o(.text), (0 bytes).
    Removing w25q64.o(.ARM.exidx.text.W25Q64_Init), (8 bytes).
    Removing w25q64.o(.text.W25Q64_ReadID), (488 bytes).
    Removing w25q64.o(.ARM.exidx.text.W25Q64_ReadID), (8 bytes).
    Removing w25q64.o(.ARM.exidx.text.W25Q64_ReadStatusReg1), (8 bytes).
    Removing w25q64.o(.ARM.exidx.text.W25Q64_DisableProtection), (8 bytes).
    Removing w25q64.o(.text.W25Q64_WriteEnable), (10 bytes).
    Removing w25q64.o(.ARM.exidx.text.W25Q64_WriteEnable), (8 bytes).
    Removing w25q64.o(.text.W25Q64_WaitBusy), (52 bytes).
    Removing w25q64.o(.ARM.exidx.text.W25Q64_WaitBusy), (8 bytes).
    Removing w25q64.o(.ARM.exidx.text.W25Q64_SendCmdEnd), (8 bytes).
    Removing w25q64.o(.text.W25Q64_WriteDisable), (10 bytes).
    Removing w25q64.o(.ARM.exidx.text.W25Q64_WriteDisable), (8 bytes).
    Removing w25q64.o(.ARM.exidx.text.W25Q64_EraseSector), (8 bytes).
    Removing w25q64.o(.text.W25Q64_EraseBlock32K), (316 bytes).
    Removing w25q64.o(.ARM.exidx.text.W25Q64_EraseBlock32K), (8 bytes).
    Removing w25q64.o(.text.W25Q64_EraseBlock64K), (288 bytes).
    Removing w25q64.o(.ARM.exidx.text.W25Q64_EraseBlock64K), (8 bytes).
    Removing w25q64.o(.text.W25Q64_ChipErase), (268 bytes).
    Removing w25q64.o(.ARM.exidx.text.W25Q64_ChipErase), (8 bytes).
    Removing w25q64.o(.ARM.exidx.text.W25Q64_WritePage), (8 bytes).
    Removing w25q64.o(.ARM.exidx.text.W25Q64_SendBytes), (8 bytes).
    Removing w25q64.o(.ARM.exidx.text.W25Q64_Write), (8 bytes).
    Removing w25q64.o(.ARM.exidx.text.W25Q64_ReadData), (8 bytes).
    Removing font_receiver.o(.text), (0 bytes).
    Removing font_receiver.o(.ARM.exidx.text.FontReceiver_Run), (8 bytes).
    Removing font_receiver.o(.ARM.exidx.text.calc_flash_crc), (8 bytes).
    Removing font_receiver.o(.text.FontReceiver_VerifyFlash), (140 bytes).
    Removing font_receiver.o(.ARM.exidx.text.FontReceiver_VerifyFlash), (8 bytes).
    Removing uart.o(.text), (0 bytes).
    Removing uart.o(.ARM.exidx.text.uart_putc), (8 bytes).
    Removing uart.o(.ARM.exidx.text.uart_getc), (8 bytes).
    Removing uart.o(.ARM.exidx.text.uart_available), (8 bytes).
    Removing uart.o(.text.uart_puts), (36 bytes).
    Removing uart.o(.ARM.exidx.text.uart_puts), (8 bytes).
    Removing uart.o(.text.uart_puthex), (84 bytes).
    Removing uart.o(.ARM.exidx.text.uart_puthex), (8 bytes).
    Removing uart.o(.rodata.str1.1), (17 bytes).
    Removing led.o(.text), (0 bytes).
    Removing led.o(.ARM.exidx.text.led_on), (8 bytes).
    Removing led.o(.text.led_off), (16 bytes).
    Removing led.o(.ARM.exidx.text.led_off), (8 bytes).
    Removing dl_common.o(.text), (0 bytes).
    Removing dl_common.o(.ARM.exidx.text.DL_Common_delayCycles), (8 bytes).
    Removing dl_timer.o(.text), (0 bytes).
    Removing dl_timer.o(.ARM.exidx.text.DL_Timer_setClockConfig), (8 bytes).
    Removing dl_timer.o(.text.DL_Timer_getClockConfig), (28 bytes).
    Removing dl_timer.o(.ARM.exidx.text.DL_Timer_getClockConfig), (8 bytes).
    Removing dl_timer.o(.text.DL_Timer_initTimerMode), (264 bytes).
    Removing dl_timer.o(.ARM.exidx.text.DL_Timer_initTimerMode), (8 bytes).
    Removing dl_timer.o(.ARM.exidx.text.DL_Timer_setCaptureCompareValue), (8 bytes).
    Removing dl_timer.o(.text.DL_Timer_setCaptureCompareCtl), (40 bytes).
    Removing dl_timer.o(.ARM.exidx.text.DL_Timer_setCaptureCompareCtl), (8 bytes).
    Removing dl_timer.o(.text.DL_Timer_initCaptureMode), (300 bytes).
    Removing dl_timer.o(.ARM.exidx.text.DL_Timer_initCaptureMode), (8 bytes).
    Removing dl_timer.o(.text.DL_Timer_setCaptureCompareInput), (26 bytes).
    Removing dl_timer.o(.ARM.exidx.text.DL_Timer_setCaptureCompareInput), (8 bytes).
    Removing dl_timer.o(.text.DL_Timer_initCaptureTriggerMode), (124 bytes).
    Removing dl_timer.o(.ARM.exidx.text.DL_Timer_initCaptureTriggerMode), (8 bytes).
    Removing dl_timer.o(.text.DL_Timer_initCaptureCombinedMode), (232 bytes).
    Removing dl_timer.o(.ARM.exidx.text.DL_Timer_initCaptureCombinedMode), (8 bytes).
    Removing dl_timer.o(.text.DL_Timer_initCompareMode), (168 bytes).
    Removing dl_timer.o(.ARM.exidx.text.DL_Timer_initCompareMode), (8 bytes).
    Removing dl_timer.o(.text.DL_Timer_initCompareTriggerMode), (112 bytes).
    Removing dl_timer.o(.ARM.exidx.text.DL_Timer_initCompareTriggerMode), (8 bytes).
    Removing dl_timer.o(.text.DL_Timer_getCaptureCompareValue), (16 bytes).
    Removing dl_timer.o(.ARM.exidx.text.DL_Timer_getCaptureCompareValue), (8 bytes).
    Removing dl_timer.o(.text.DL_Timer_getCaptureCompareCtl), (24 bytes).
    Removing dl_timer.o(.ARM.exidx.text.DL_Timer_getCaptureCompareCtl), (8 bytes).
    Removing dl_timer.o(.text.DL_Timer_setSecondCompSrcDn), (28 bytes).
    Removing dl_timer.o(.ARM.exidx.text.DL_Timer_setSecondCompSrcDn), (8 bytes).
    Removing dl_timer.o(.text.DL_Timer_getSecondCompSrcDn), (20 bytes).
    Removing dl_timer.o(.ARM.exidx.text.DL_Timer_getSecondCompSrcDn), (8 bytes).
    Removing dl_timer.o(.text.DL_Timer_setSecondCompSrcUp), (28 bytes).
    Removing dl_timer.o(.ARM.exidx.text.DL_Timer_setSecondCompSrcUp), (8 bytes).
    Removing dl_timer.o(.text.DL_Timer_getSecondCompSrcUp), (20 bytes).
    Removing dl_timer.o(.ARM.exidx.text.DL_Timer_getSecondCompSrcUp), (8 bytes).
    Removing dl_timer.o(.text.DL_Timer_setSecondCompActionDn), (28 bytes).
    Removing dl_timer.o(.ARM.exidx.text.DL_Timer_setSecondCompActionDn), (8 bytes).
    Removing dl_timer.o(.text.DL_Timer_getSecondCompActionDn), (20 bytes).
    Removing dl_timer.o(.ARM.exidx.text.DL_Timer_getSecondCompActionDn), (8 bytes).
    Removing dl_timer.o(.text.DL_Timer_setSecondCompActionUp), (28 bytes).
    Removing dl_timer.o(.ARM.exidx.text.DL_Timer_setSecondCompActionUp), (8 bytes).
    Removing dl_timer.o(.text.DL_Timer_getSecondCompActionUp), (20 bytes).
    Removing dl_timer.o(.ARM.exidx.text.DL_Timer_getSecondCompActionUp), (8 bytes).
    Removing dl_timer.o(.text.DL_Timer_enableSuppressionOfCompEvent), (24 bytes).
    Removing dl_timer.o(.ARM.exidx.text.DL_Timer_enableSuppressionOfCompEvent), (8 bytes).
    Removing dl_timer.o(.text.DL_Timer_disableSuppressionOfCompEvent), (24 bytes).
    Removing dl_timer.o(.ARM.exidx.text.DL_Timer_disableSuppressionOfCompEvent), (8 bytes).
    Removing dl_timer.o(.ARM.exidx.text.DL_Timer_setCaptCompUpdateMethod), (8 bytes).
    Removing dl_timer.o(.text.DL_Timer_getCaptCompUpdateMethod), (20 bytes).
    Removing dl_timer.o(.ARM.exidx.text.DL_Timer_getCaptCompUpdateMethod), (8 bytes).
    Removing dl_timer.o(.text.DL_Timer_setCaptCompActUpdateMethod), (28 bytes).
    Removing dl_timer.o(.ARM.exidx.text.DL_Timer_setCaptCompActUpdateMethod), (8 bytes).
    Removing dl_timer.o(.text.DL_Timer_getCaptCompActUpdateMethod), (20 bytes).
    Removing dl_timer.o(.ARM.exidx.text.DL_Timer_getCaptCompActUpdateMethod), (8 bytes).
    Removing dl_timer.o(.ARM.exidx.text.DL_Timer_setCaptureCompareOutCtl), (8 bytes).
    Removing dl_timer.o(.text.DL_Timer_getCaptureCompareOutCtl), (16 bytes).
    Removing dl_timer.o(.ARM.exidx.text.DL_Timer_getCaptureCompareOutCtl), (8 bytes).
    Removing dl_timer.o(.text.DL_Timer_setCaptureCompareAction), (36 bytes).
    Removing dl_timer.o(.ARM.exidx.text.DL_Timer_setCaptureCompareAction), (8 bytes).
    Removing dl_timer.o(.text.DL_Timer_getCaptureCompareAction), (24 bytes).
    Removing dl_timer.o(.ARM.exidx.text.DL_Timer_getCaptureCompareAction), (8 bytes).
    Removing dl_timer.o(.text.DL_Timer_overrideCCPOut), (32 bytes).
    Removing dl_timer.o(.ARM.exidx.text.DL_Timer_overrideCCPOut), (8 bytes).
    Removing dl_timer.o(.text.DL_Timer_getCaptureCompareInput), (16 bytes).
    Removing dl_timer.o(.ARM.exidx.text.DL_Timer_getCaptureCompareInput), (8 bytes).
    Removing dl_timer.o(.text.DL_Timer_setCaptureCompareInputFilter), (28 bytes).
    Removing dl_timer.o(.ARM.exidx.text.DL_Timer_setCaptureCompareInputFilter), (8 bytes).
    Removing dl_timer.o(.text.DL_Timer_getCaptureCompareInputFilter), (18 bytes).
    Removing dl_timer.o(.ARM.exidx.text.DL_Timer_getCaptureCompareInputFilter), (8 bytes).
    Removing dl_timer.o(.text.DL_Timer_enableCaptureCompareInputFilter), (20 bytes).
    Removing dl_timer.o(.ARM.exidx.text.DL_Timer_enableCaptureCompareInputFilter), (8 bytes).
    Removing dl_timer.o(.text.DL_Timer_disableCaptureCompareInputFilter), (20 bytes).
    Removing dl_timer.o(.ARM.exidx.text.DL_Timer_disableCaptureCompareInputFilter), (8 bytes).
    Removing dl_timer.o(.text.DL_Timer_isCaptureCompareInputFilterEnabled), (20 bytes).
    Removing dl_timer.o(.ARM.exidx.text.DL_Timer_isCaptureCompareInputFilterEnabled), (8 bytes).
    Removing dl_timer.o(.text.DL_Timer_saveConfiguration), (236 bytes).
    Removing dl_timer.o(.ARM.exidx.text.DL_Timer_saveConfiguration), (8 bytes).
    Removing dl_timer.o(.text.DL_Timer_restoreConfiguration), (244 bytes).
    Removing dl_timer.o(.ARM.exidx.text.DL_Timer_restoreConfiguration), (8 bytes).
    Removing dl_timer.o(.ARM.exidx.text.DL_Timer_initFourCCPWMMode), (8 bytes).
    Removing dl_timer.o(.text.DL_Timer_setFaultSourceConfig), (44 bytes).
    Removing dl_timer.o(.ARM.exidx.text.DL_Timer_setFaultSourceConfig), (8 bytes).
    Removing dl_timer.o(.text.DL_Timer_getFaultSourceConfig), (32 bytes).
    Removing dl_timer.o(.ARM.exidx.text.DL_Timer_getFaultSourceConfig), (8 bytes).
    Removing dl_timer.o(.text.DL_TimerA_saveConfiguration), (264 bytes).
    Removing dl_timer.o(.ARM.exidx.text.DL_TimerA_saveConfiguration), (8 bytes).
    Removing dl_timer.o(.text.DL_TimerA_restoreConfiguration), (276 bytes).
    Removing dl_timer.o(.ARM.exidx.text.DL_TimerA_restoreConfiguration), (8 bytes).
    Removing dl_timer.o(.text.DL_Timer_configQEIHallInputMode), (36 bytes).
    Removing dl_timer.o(.ARM.exidx.text.DL_Timer_configQEIHallInputMode), (8 bytes).
    Removing dl_timer.o(.rodata..Lswitch.table.DL_Timer_initCompareMode), (12 bytes).
    Removing dl_uart.o(.text), (0 bytes).
    Removing dl_uart.o(.ARM.exidx.text.DL_UART_init), (8 bytes).
    Removing dl_uart.o(.ARM.exidx.text.DL_UART_setClockConfig), (8 bytes).
    Removing dl_uart.o(.text.DL_UART_getClockConfig), (16 bytes).
    Removing dl_uart.o(.ARM.exidx.text.DL_UART_getClockConfig), (8 bytes).
    Removing dl_uart.o(.text.DL_UART_configBaudRate), (140 bytes).
    Removing dl_uart.o(.ARM.exidx.text.DL_UART_configBaudRate), (8 bytes).
    Removing dl_uart.o(.text.DL_UART_configIrDAMode), (60 bytes).
    Removing dl_uart.o(.ARM.exidx.text.DL_UART_configIrDAMode), (8 bytes).
    Removing dl_uart.o(.text.DL_UART_setIrDAPulseLength), (42 bytes).
    Removing dl_uart.o(.ARM.exidx.text.DL_UART_setIrDAPulseLength), (8 bytes).
    Removing dl_uart.o(.ARM.exidx.text.DL_UART_receiveDataBlocking), (8 bytes).
    Removing dl_uart.o(.ARM.exidx.text.DL_UART_transmitDataBlocking), (8 bytes).
    Removing dl_uart.o(.text.DL_UART_receiveDataCheck), (28 bytes).
    Removing dl_uart.o(.ARM.exidx.text.DL_UART_receiveDataCheck), (8 bytes).
    Removing dl_uart.o(.text.DL_UART_transmitDataCheck), (24 bytes).
    Removing dl_uart.o(.ARM.exidx.text.DL_UART_transmitDataCheck), (8 bytes).
    Removing dl_uart.o(.text.DL_UART_drainRXFIFO), (40 bytes).
    Removing dl_uart.o(.ARM.exidx.text.DL_UART_drainRXFIFO), (8 bytes).
    Removing dl_uart.o(.text.DL_UART_fillTXFIFO), (40 bytes).
    Removing dl_uart.o(.ARM.exidx.text.DL_UART_fillTXFIFO), (8 bytes).
    Removing dl_uart.o(.text.DL_UART_Main_saveConfiguration), (88 bytes).
    Removing dl_uart.o(.ARM.exidx.text.DL_UART_Main_saveConfiguration), (8 bytes).
    Removing dl_uart.o(.text.DL_UART_Main_restoreConfiguration), (120 bytes).
    Removing dl_uart.o(.ARM.exidx.text.DL_UART_Main_restoreConfiguration), (8 bytes).
    Removing dl_uart.o(.text.DL_UART_Extend_saveConfiguration), (104 bytes).
    Removing dl_uart.o(.ARM.exidx.text.DL_UART_Extend_saveConfiguration), (8 bytes).
    Removing dl_uart.o(.text.DL_UART_Extend_restoreConfiguration), (132 bytes).
    Removing dl_uart.o(.ARM.exidx.text.DL_UART_Extend_restoreConfiguration), (8 bytes).
    Removing fadd.o(.text), (178 bytes).
    Removing fmul.o(.text), (122 bytes).
    Removing fdiv.o(.text), (124 bytes).
    Removing fcmplt.o(.text), (28 bytes).
    Removing fcmpge.o(.text), (28 bytes).
    Removing fcmpgt.o(.text), (28 bytes).
    Removing fflti.o(.text), (22 bytes).
    Removing ffltui.o(.text), (14 bytes).
    Removing ffixi.o(.text), (50 bytes).
    Removing fepilogue.o(.text), (130 bytes).
    Removing fcmp4.o(.text), (52 bytes).

295 unused section(s) (total 11769 bytes) removed from the image.

==============================================================================

Image Symbol Table

    Local Symbols

    Symbol Name                              Value     Ov Type        Size  Object(Section)

    ../clib/division.s                       0x00000000   Number         0  aeabi_sdivfast.o ABSOLUTE
    ../clib/division.s                       0x00000000   Number         0  aeabi_sdivfast_div0.o ABSOLUTE
    ../clib/microlib/division.c              0x00000000   Number         0  uidiv.o ABSOLUTE
    ../clib/microlib/division.c              0x00000000   Number         0  uidiv_div0.o ABSOLUTE
    ../clib/microlib/division.c              0x00000000   Number         0  idiv_div0.o ABSOLUTE
    ../clib/microlib/division.c              0x00000000   Number         0  idiv0.o ABSOLUTE
    ../clib/microlib/init/entry.s            0x00000000   Number         0  entry.o ABSOLUTE
    ../clib/microlib/init/entry.s            0x00000000   Number         0  entry2.o ABSOLUTE
    ../clib/microlib/init/entry.s            0x00000000   Number         0  entry5.o ABSOLUTE
    ../clib/microlib/init/entry.s            0x00000000   Number         0  entry7a.o ABSOLUTE
    ../clib/microlib/init/entry.s            0x00000000   Number         0  entry7b.o ABSOLUTE
    ../clib/microlib/init/entry.s            0x00000000   Number         0  entry8a.o ABSOLUTE
    ../clib/microlib/init/entry.s            0x00000000   Number         0  entry8b.o ABSOLUTE
    ../clib/microlib/init/entry.s            0x00000000   Number         0  entry9a.o ABSOLUTE
    ../clib/microlib/init/entry.s            0x00000000   Number         0  entry9b.o ABSOLUTE
    ../clib/microlib/init/entry.s            0x00000000   Number         0  entry10a.o ABSOLUTE
    ../clib/microlib/init/entry.s            0x00000000   Number         0  entry10b.o ABSOLUTE
    ../clib/microlib/init/entry.s            0x00000000   Number         0  entry11a.o ABSOLUTE
    ../clib/microlib/init/entry.s            0x00000000   Number         0  entry11b.o ABSOLUTE
    ../clib/microlib/stubs.s                 0x00000000   Number         0  iusefp.o ABSOLUTE
    ../fplib/microlib/fpadd.c                0x00000000   Number         0  fadd.o ABSOLUTE
    ../fplib/microlib/fpcmp.c                0x00000000   Number         0  fcmplt.o ABSOLUTE
    ../fplib/microlib/fpcmp.c                0x00000000   Number         0  fcmpge.o ABSOLUTE
    ../fplib/microlib/fpcmp.c                0x00000000   Number         0  fcmpgt.o ABSOLUTE
    ../fplib/microlib/fpcmp4.c               0x00000000   Number         0  fcmp4.o ABSOLUTE
    ../fplib/microlib/fpdiv.c                0x00000000   Number         0  fdiv.o ABSOLUTE
    ../fplib/microlib/fpepilogue.c           0x00000000   Number         0  fepilogue.o ABSOLUTE
    ../fplib/microlib/fpfix.c                0x00000000   Number         0  ffixi.o ABSOLUTE
    ../fplib/microlib/fpflt.c                0x00000000   Number         0  fflti.o ABSOLUTE
    ../fplib/microlib/fpflt.c                0x00000000   Number         0  ffltui.o ABSOLUTE
    ../fplib/microlib/fpmul.c                0x00000000   Number         0  fmul.o ABSOLUTE
    ../mathlib/fmax.c                        0x00000000   Number         0  fminf.o ABSOLUTE
    Encode.c                                 0x00000000   Number         0  encode.o ABSOLUTE
    PWM.c                                    0x00000000   Number         0  pwm.o ABSOLUTE
    bsp_IR_io.c                              0x00000000   Number         0  bsp_ir_io.o ABSOLUTE
    dc.s                                     0x00000000   Number         0  dc.o ABSOLUTE
    delay.c                                  0x00000000   Number         0  delay.o ABSOLUTE
    dl_common.c                              0x00000000   Number         0  dl_common.o ABSOLUTE
    dl_timer.c                               0x00000000   Number         0  dl_timer.o ABSOLUTE
    dl_uart.c                                0x00000000   Number         0  dl_uart.o ABSOLUTE
    empty.c                                  0x00000000   Number         0  empty.o ABSOLUTE
    font_receiver.c                          0x00000000   Number         0  font_receiver.o ABSOLUTE
    handlers.s                               0x00000000   Number         0  handlers.o ABSOLUTE
    init.s                                   0x00000000   Number         0  init.o ABSOLUTE
    key.c                                    0x00000000   Number         0  key.o ABSOLUTE
    led.c                                    0x00000000   Number         0  led.o ABSOLUTE
    line_following.c                         0x00000000   Number         0  line_following.o ABSOLUTE
    oled.c                                   0x00000000   Number         0  oled.o ABSOLUTE
    oled_menu.c                              0x00000000   Number         0  oled_menu.o ABSOLUTE
    startup_mspm0g350x_uvision.s             0x00000000   Number         0  startup_mspm0g350x_uvision.o ABSOLUTE
    ti_msp_dl_config.c                       0x00000000   Number         0  ti_msp_dl_config.o ABSOLUTE
    uart.c                                   0x00000000   Number         0  uart.o ABSOLUTE
    w25q64.c                                 0x00000000   Number         0  w25q64.o ABSOLUTE
    RESET                                    0x00000000   Section      192  startup_mspm0g350x_uvision.o(RESET)
    .ARM.Collect$$$$00000000                 0x000000c0   Section        0  entry.o(.ARM.Collect$$$$00000000)
    .ARM.Collect$$$$00000001                 0x000000c0   Section        4  entry2.o(.ARM.Collect$$$$00000001)
    .ARM.Collect$$$$00000004                 0x000000c4   Section        4  entry5.o(.ARM.Collect$$$$00000004)
    .ARM.Collect$$$$00000008                 0x000000c8   Section        0  entry7b.o(.ARM.Collect$$$$00000008)
    .ARM.Collect$$$$0000000A                 0x000000c8   Section        0  entry8b.o(.ARM.Collect$$$$0000000A)
    .ARM.Collect$$$$0000000B                 0x000000c8   Section        8  entry9a.o(.ARM.Collect$$$$0000000B)
    __lit__00000000                          0x000000d0   Data           4  entry2.o(.ARM.Collect$$$$00002712)
    .ARM.Collect$$$$0000000D                 0x000000d0   Section        0  entry10a.o(.ARM.Collect$$$$0000000D)
    .ARM.Collect$$$$0000000F                 0x000000d0   Section        0  entry11a.o(.ARM.Collect$$$$0000000F)
    .ARM.Collect$$$$00002712                 0x000000d0   Section        4  entry2.o(.ARM.Collect$$$$00002712)
    .text                                    0x000000d4   Section       20  startup_mspm0g350x_uvision.o(.text)
    .text                                    0x000000e8   Section        0  uidiv_div0.o(.text)
    .text                                    0x00000128   Section       36  init.o(.text)
    [Anonymous Symbol]                       0x0000014c   Section        0  dl_common.o(.text.DL_Common_delayCycles)
    [Anonymous Symbol]                       0x00000158   Section        0  dl_timer.o(.text.DL_Timer_initFourCCPWMMode)
    __arm_cp.40_0                            0x0000024c   Number         4  dl_timer.o(.text.DL_Timer_initFourCCPWMMode)
    __arm_cp.40_1                            0x00000250   Number         4  dl_timer.o(.text.DL_Timer_initFourCCPWMMode)
    __arm_cp.40_2                            0x00000254   Number         4  dl_timer.o(.text.DL_Timer_initFourCCPWMMode)
    __arm_cp.40_3                            0x00000258   Number         4  dl_timer.o(.text.DL_Timer_initFourCCPWMMode)
    __arm_cp.40_4                            0x0000025c   Number         4  dl_timer.o(.text.DL_Timer_initFourCCPWMMode)
    __arm_cp.40_5                            0x00000260   Number         4  dl_timer.o(.text.DL_Timer_initFourCCPWMMode)
    __arm_cp.40_6                            0x00000264   Number         4  dl_timer.o(.text.DL_Timer_initFourCCPWMMode)
    [Anonymous Symbol]                       0x00000268   Section        0  dl_timer.o(.text.DL_Timer_setCaptCompUpdateMethod)
    __arm_cp.23_0                            0x00000280   Number         4  dl_timer.o(.text.DL_Timer_setCaptCompUpdateMethod)
    [Anonymous Symbol]                       0x00000284   Section        0  dl_timer.o(.text.DL_Timer_setCaptureCompareOutCtl)
    __arm_cp.27_0                            0x00000298   Number         4  dl_timer.o(.text.DL_Timer_setCaptureCompareOutCtl)
    [Anonymous Symbol]                       0x0000029c   Section        0  dl_timer.o(.text.DL_Timer_setCaptureCompareValue)
    __arm_cp.3_0                             0x000002a8   Number         4  dl_timer.o(.text.DL_Timer_setCaptureCompareValue)
    [Anonymous Symbol]                       0x000002ac   Section        0  dl_timer.o(.text.DL_Timer_setClockConfig)
    __arm_cp.0_0                             0x000002c4   Number         4  dl_timer.o(.text.DL_Timer_setClockConfig)
    [Anonymous Symbol]                       0x000002c8   Section        0  dl_uart.o(.text.DL_UART_init)
    __arm_cp.0_0                             0x00000308   Number         4  dl_uart.o(.text.DL_UART_init)
    __arm_cp.0_1                             0x0000030c   Number         4  dl_uart.o(.text.DL_UART_init)
    [Anonymous Symbol]                       0x00000310   Section        0  dl_uart.o(.text.DL_UART_receiveDataBlocking)
    [Anonymous Symbol]                       0x00000320   Section        0  dl_uart.o(.text.DL_UART_setClockConfig)
    [Anonymous Symbol]                       0x00000334   Section        0  dl_uart.o(.text.DL_UART_transmitDataBlocking)
    __arm_cp.7_0                             0x00000348   Number         4  dl_uart.o(.text.DL_UART_transmitDataBlocking)
    [Anonymous Symbol]                       0x0000034c   Section        0  font_receiver.o(.text.FontReceiver_Run)
    __arm_cp.0_0                             0x0000051c   Number         4  font_receiver.o(.text.FontReceiver_Run)
    __arm_cp.0_2                             0x00000524   Number         4  font_receiver.o(.text.FontReceiver_Run)
    __arm_cp.0_3                             0x00000528   Number         4  font_receiver.o(.text.FontReceiver_Run)
    [Anonymous Symbol]                       0x0000052c   Section        0  oled.o(.text.OLED_Clear)
    OLED_I2C_SendByte                        0x000006b1   Thumb Code   336  oled.o(.text.OLED_I2C_SendByte)
    [Anonymous Symbol]                       0x000006b0   Section        0  oled.o(.text.OLED_I2C_SendByte)
    __arm_cp.13_0                            0x00000800   Number         4  oled.o(.text.OLED_I2C_SendByte)
    [Anonymous Symbol]                       0x00000804   Section        0  oled.o(.text.OLED_Init)
    __arm_cp.1_1                             0x00000c00   Number         4  oled.o(.text.OLED_Init)
    [Anonymous Symbol]                       0x00000ee4   Section        0  oled.o(.text.OLED_SetFontFlashBase)
    [Anonymous Symbol]                       0x00000eec   Section        0  oled.o(.text.OLED_ShowChinese)
    __arm_cp.3_2                             0x000012ac   Number         4  oled.o(.text.OLED_ShowChinese)
    __arm_cp.3_1                             0x0000142c   Number         4  oled.o(.text.OLED_ShowChinese)
    [Anonymous Symbol]                       0x00001430   Section        0  oled.o(.text.OLED_ShowChineseString)
    [Anonymous Symbol]                       0x0000146c   Section        0  oled.o(.text.OLED_ShowNum)
    __arm_cp.5_0                             0x000014d4   Number         4  oled.o(.text.OLED_ShowNum)
    [Anonymous Symbol]                       0x000014d8   Section        0  ti_msp_dl_config.o(.text.SYSCFG_DL_GPIO_init)
    __arm_cp.2_0                             0x000015d8   Number         4  ti_msp_dl_config.o(.text.SYSCFG_DL_GPIO_init)
    __arm_cp.2_1                             0x000015dc   Number         4  ti_msp_dl_config.o(.text.SYSCFG_DL_GPIO_init)
    __arm_cp.2_2                             0x000015e0   Number         4  ti_msp_dl_config.o(.text.SYSCFG_DL_GPIO_init)
    __arm_cp.2_3                             0x000015e4   Number         4  ti_msp_dl_config.o(.text.SYSCFG_DL_GPIO_init)
    __arm_cp.2_4                             0x000015e8   Number         4  ti_msp_dl_config.o(.text.SYSCFG_DL_GPIO_init)
    __arm_cp.2_5                             0x000015ec   Number         4  ti_msp_dl_config.o(.text.SYSCFG_DL_GPIO_init)
    __arm_cp.2_6                             0x000015f0   Number         4  ti_msp_dl_config.o(.text.SYSCFG_DL_GPIO_init)
    __arm_cp.2_7                             0x000015f4   Number         4  ti_msp_dl_config.o(.text.SYSCFG_DL_GPIO_init)
    __arm_cp.2_8                             0x000015f8   Number         4  ti_msp_dl_config.o(.text.SYSCFG_DL_GPIO_init)
    __arm_cp.2_9                             0x000015fc   Number         4  ti_msp_dl_config.o(.text.SYSCFG_DL_GPIO_init)
    __arm_cp.2_10                            0x00001600   Number         4  ti_msp_dl_config.o(.text.SYSCFG_DL_GPIO_init)
    __arm_cp.2_11                            0x00001604   Number         4  ti_msp_dl_config.o(.text.SYSCFG_DL_GPIO_init)
    [Anonymous Symbol]                       0x00001608   Section        0  ti_msp_dl_config.o(.text.SYSCFG_DL_SYSCTL_init)
    __arm_cp.3_0                             0x00001640   Number         4  ti_msp_dl_config.o(.text.SYSCFG_DL_SYSCTL_init)
    __arm_cp.3_1                             0x00001644   Number         4  ti_msp_dl_config.o(.text.SYSCFG_DL_SYSCTL_init)
    [Anonymous Symbol]                       0x00001648   Section        0  ti_msp_dl_config.o(.text.SYSCFG_DL_UART0_init)
    __arm_cp.5_0                             0x00001694   Number         4  ti_msp_dl_config.o(.text.SYSCFG_DL_UART0_init)
    __arm_cp.5_1                             0x00001698   Number         4  ti_msp_dl_config.o(.text.SYSCFG_DL_UART0_init)
    __arm_cp.5_2                             0x0000169c   Number         4  ti_msp_dl_config.o(.text.SYSCFG_DL_UART0_init)
    __arm_cp.5_3                             0x000016a0   Number         4  ti_msp_dl_config.o(.text.SYSCFG_DL_UART0_init)
    __arm_cp.5_4                             0x000016a4   Number         4  ti_msp_dl_config.o(.text.SYSCFG_DL_UART0_init)
    [Anonymous Symbol]                       0x000016a8   Section        0  ti_msp_dl_config.o(.text.SYSCFG_DL_WHEEL_init)
    __arm_cp.4_0                             0x00001720   Number         4  ti_msp_dl_config.o(.text.SYSCFG_DL_WHEEL_init)
    __arm_cp.4_1                             0x00001724   Number         4  ti_msp_dl_config.o(.text.SYSCFG_DL_WHEEL_init)
    __arm_cp.4_2                             0x00001728   Number         4  ti_msp_dl_config.o(.text.SYSCFG_DL_WHEEL_init)
    __arm_cp.4_3                             0x0000172c   Number         4  ti_msp_dl_config.o(.text.SYSCFG_DL_WHEEL_init)
    __arm_cp.4_4                             0x00001730   Number         4  ti_msp_dl_config.o(.text.SYSCFG_DL_WHEEL_init)
    __arm_cp.4_5                             0x00001734   Number         4  ti_msp_dl_config.o(.text.SYSCFG_DL_WHEEL_init)
    __arm_cp.4_6                             0x00001738   Number         4  ti_msp_dl_config.o(.text.SYSCFG_DL_WHEEL_init)
    [Anonymous Symbol]                       0x0000173c   Section        0  ti_msp_dl_config.o(.text.SYSCFG_DL_init)
    __arm_cp.0_0                             0x0000175c   Number         4  ti_msp_dl_config.o(.text.SYSCFG_DL_init)
    [Anonymous Symbol]                       0x00001760   Section        0  ti_msp_dl_config.o(.text.SYSCFG_DL_initPower)
    __arm_cp.1_0                             0x00001788   Number         4  ti_msp_dl_config.o(.text.SYSCFG_DL_initPower)
    __arm_cp.1_1                             0x0000178c   Number         4  ti_msp_dl_config.o(.text.SYSCFG_DL_initPower)
    __arm_cp.1_2                             0x00001790   Number         4  ti_msp_dl_config.o(.text.SYSCFG_DL_initPower)
    __arm_cp.1_3                             0x00001794   Number         4  ti_msp_dl_config.o(.text.SYSCFG_DL_initPower)
    __arm_cp.1_4                             0x00001798   Number         4  ti_msp_dl_config.o(.text.SYSCFG_DL_initPower)
    __arm_cp.1_5                             0x0000179c   Number         4  ti_msp_dl_config.o(.text.SYSCFG_DL_initPower)
    [Anonymous Symbol]                       0x000017a0   Section        0  w25q64.o(.text.W25Q64_DisableProtection)
    [Anonymous Symbol]                       0x00001980   Section        0  w25q64.o(.text.W25Q64_EraseSector)
    __arm_cp.8_2                             0x00001ab0   Number         4  w25q64.o(.text.W25Q64_EraseSector)
    [Anonymous Symbol]                       0x00001ab4   Section        0  w25q64.o(.text.W25Q64_Init)
    __arm_cp.0_0                             0x00001ad0   Number         4  w25q64.o(.text.W25Q64_Init)
    __arm_cp.0_1                             0x00001ad4   Number         4  w25q64.o(.text.W25Q64_Init)
    [Anonymous Symbol]                       0x00001ad8   Section        0  w25q64.o(.text.W25Q64_ReadData)
    __arm_cp.15_0                            0x00001c58   Number         4  w25q64.o(.text.W25Q64_ReadData)
    __arm_cp.15_1                            0x00001c5c   Number         4  w25q64.o(.text.W25Q64_ReadData)
    __arm_cp.15_2                            0x00001c60   Number         4  w25q64.o(.text.W25Q64_ReadData)
    [Anonymous Symbol]                       0x00001c64   Section        0  w25q64.o(.text.W25Q64_ReadStatusReg1)
    __arm_cp.2_0                             0x00001dac   Number         4  w25q64.o(.text.W25Q64_ReadStatusReg1)
    __arm_cp.2_1                             0x00001db0   Number         4  w25q64.o(.text.W25Q64_ReadStatusReg1)
    __arm_cp.2_2                             0x00001db4   Number         4  w25q64.o(.text.W25Q64_ReadStatusReg1)
    W25Q64_SendBytes                         0x00001db9   Thumb Code   340  w25q64.o(.text.W25Q64_SendBytes)
    [Anonymous Symbol]                       0x00001db8   Section        0  w25q64.o(.text.W25Q64_SendBytes)
    __arm_cp.13_0                            0x00001f0c   Number         4  w25q64.o(.text.W25Q64_SendBytes)
    W25Q64_SendCmdEnd                        0x00001f11   Thumb Code   324  w25q64.o(.text.W25Q64_SendCmdEnd)
    [Anonymous Symbol]                       0x00001f10   Section        0  w25q64.o(.text.W25Q64_SendCmdEnd)
    __arm_cp.6_0                             0x00002054   Number         4  w25q64.o(.text.W25Q64_SendCmdEnd)
    __arm_cp.6_1                             0x00002058   Number         4  w25q64.o(.text.W25Q64_SendCmdEnd)
    __arm_cp.6_2                             0x0000205c   Number         4  w25q64.o(.text.W25Q64_SendCmdEnd)
    [Anonymous Symbol]                       0x00002060   Section        0  w25q64.o(.text.W25Q64_Write)
    __arm_cp.14_0                            0x000020bc   Number         4  w25q64.o(.text.W25Q64_Write)
    [Anonymous Symbol]                       0x000020c0   Section        0  w25q64.o(.text.W25Q64_WritePage)
    __arm_cp.12_0                            0x00002208   Number         4  w25q64.o(.text.W25Q64_WritePage)
    __arm_cp.12_1                            0x0000220c   Number         4  w25q64.o(.text.W25Q64_WritePage)
    __arm_cp.12_2                            0x00002210   Number         4  w25q64.o(.text.W25Q64_WritePage)
    calc_flash_crc                           0x00002215   Thumb Code   156  font_receiver.o(.text.calc_flash_crc)
    [Anonymous Symbol]                       0x00002214   Section        0  font_receiver.o(.text.calc_flash_crc)
    __arm_cp.1_0                             0x000022b0   Number         4  font_receiver.o(.text.calc_flash_crc)
    [Anonymous Symbol]                       0x000022b4   Section        0  delay.o(.text.delay)
    [Anonymous Symbol]                       0x000022cc   Section        0  led.o(.text.led_on)
    __arm_cp.0_0                             0x000022d8   Number         4  led.o(.text.led_on)
    [Anonymous Symbol]                       0x000022dc   Section        0  empty.o(.text.main)
    __arm_cp.0_0                             0x00002314   Number         4  empty.o(.text.main)
    [Anonymous Symbol]                       0x00002324   Section        0  uart.o(.text.uart_available)
    __arm_cp.2_0                             0x00002330   Number         4  uart.o(.text.uart_available)
    [Anonymous Symbol]                       0x00002334   Section        0  uart.o(.text.uart_getc)
    [Anonymous Symbol]                       0x00002340   Section        0  uart.o(.text.uart_putc)
    __arm_cp.0_0                             0x0000234c   Number         4  uart.o(.text.uart_putc)
    i.__scatterload_copy                     0x00002350   Section       14  handlers.o(i.__scatterload_copy)
    i.__scatterload_null                     0x00002360   Section        2  handlers.o(i.__scatterload_null)
    i.__scatterload_zeroinit                 0x00002368   Section       14  handlers.o(i.__scatterload_zeroinit)
    gUART0ClockConfig                        0x00002376   Data           2  ti_msp_dl_config.o(.rodata.gUART0ClockConfig)
    [Anonymous Symbol]                       0x00002376   Section        0  ti_msp_dl_config.o(.rodata.gUART0ClockConfig)
    gUART0Config                             0x00002378   Data          10  ti_msp_dl_config.o(.rodata.gUART0Config)
    [Anonymous Symbol]                       0x00002378   Section        0  ti_msp_dl_config.o(.rodata.gUART0Config)
    gWHEELClockConfig                        0x00002382   Data           3  ti_msp_dl_config.o(.rodata.gWHEELClockConfig)
    [Anonymous Symbol]                       0x00002382   Section        0  ti_msp_dl_config.o(.rodata.gWHEELClockConfig)
    gWHEELConfig                             0x00002388   Data           8  ti_msp_dl_config.o(.rodata.gWHEELConfig)
    [Anonymous Symbol]                       0x00002388   Section        0  ti_msp_dl_config.o(.rodata.gWHEELConfig)
    g_fontFlashAddr                          0x202000a0   Data           4  oled.o(.bss.g_fontFlashAddr)
    [Anonymous Symbol]                       0x202000a0   Section        0  oled.o(.bss.g_fontFlashAddr)
    STACK                                    0x202000a8   Section     1024  startup_mspm0g350x_uvision.o(STACK)

    Global Symbols

    Symbol Name                              Value     Ov Type        Size  Object(Section)

    BuildAttributes$$THM_ISAv3M$S$PE$A:L22$X:L11$S22$IEEE1$IW$~IW$USESV6$~STKCKD$USESV7$~SHL$OTIME$ROPI$IEEEJ$EBA8$MICROLIB$REQ8$PRES8$EABIv2 0x00000000   Number         0  anon$$obj.o ABSOLUTE
    __Vectors                                0x00000000   Data           4  startup_mspm0g350x_uvision.o(RESET)
    __cpp_initialize__aeabi_                  - Undefined Weak Reference
    __cxa_finalize                            - Undefined Weak Reference
    __decompress                              - Undefined Weak Reference
    _clock_init                               - Undefined Weak Reference
    _microlib_exit                            - Undefined Weak Reference
    __Vectors_End                            0x000000c0   Data           0  startup_mspm0g350x_uvision.o(RESET)
    __Vectors_Size                           0x000000c0   Number         0  startup_mspm0g350x_uvision.o ABSOLUTE
    __main                                   0x000000c1   Thumb Code     0  entry.o(.ARM.Collect$$$$00000000)
    _main_stk                                0x000000c1   Thumb Code     0  entry2.o(.ARM.Collect$$$$00000001)
    _main_scatterload                        0x000000c5   Thumb Code     0  entry5.o(.ARM.Collect$$$$00000004)
    __main_after_scatterload                 0x000000c9   Thumb Code     0  entry5.o(.ARM.Collect$$$$00000004)
    _main_clock                              0x000000c9   Thumb Code     0  entry7b.o(.ARM.Collect$$$$00000008)
    _main_cpp_init                           0x000000c9   Thumb Code     0  entry8b.o(.ARM.Collect$$$$0000000A)
    _main_init                               0x000000c9   Thumb Code     0  entry9a.o(.ARM.Collect$$$$0000000B)
    __rt_final_cpp                           0x000000d1   Thumb Code     0  entry10a.o(.ARM.Collect$$$$0000000D)
    __rt_final_exit                          0x000000d1   Thumb Code     0  entry11a.o(.ARM.Collect$$$$0000000F)
    Reset_Handler                            0x000000d5   Thumb Code     4  startup_mspm0g350x_uvision.o(.text)
    NMI_Handler                              0x000000d9   Thumb Code     2  startup_mspm0g350x_uvision.o(.text)
    HardFault_Handler                        0x000000db   Thumb Code     2  startup_mspm0g350x_uvision.o(.text)
    SVC_Handler                              0x000000dd   Thumb Code     2  startup_mspm0g350x_uvision.o(.text)
    PendSV_Handler                           0x000000df   Thumb Code     2  startup_mspm0g350x_uvision.o(.text)
    SysTick_Handler                          0x000000e1   Thumb Code     2  startup_mspm0g350x_uvision.o(.text)
    ADC0_IRQHandler                          0x000000e3   Thumb Code     0  startup_mspm0g350x_uvision.o(.text)
    ADC1_IRQHandler                          0x000000e3   Thumb Code     0  startup_mspm0g350x_uvision.o(.text)
    AES_IRQHandler                           0x000000e3   Thumb Code     0  startup_mspm0g350x_uvision.o(.text)
    CANFD0_IRQHandler                        0x000000e3   Thumb Code     0  startup_mspm0g350x_uvision.o(.text)
    DAC0_IRQHandler                          0x000000e3   Thumb Code     0  startup_mspm0g350x_uvision.o(.text)
    DMA_IRQHandler                           0x000000e3   Thumb Code     0  startup_mspm0g350x_uvision.o(.text)
    Default_Handler                          0x000000e3   Thumb Code     2  startup_mspm0g350x_uvision.o(.text)
    GROUP0_IRQHandler                        0x000000e3   Thumb Code     0  startup_mspm0g350x_uvision.o(.text)
    GROUP1_IRQHandler                        0x000000e3   Thumb Code     0  startup_mspm0g350x_uvision.o(.text)
    I2C0_IRQHandler                          0x000000e3   Thumb Code     0  startup_mspm0g350x_uvision.o(.text)
    I2C1_IRQHandler                          0x000000e3   Thumb Code     0  startup_mspm0g350x_uvision.o(.text)
    RTC_IRQHandler                           0x000000e3   Thumb Code     0  startup_mspm0g350x_uvision.o(.text)
    SPI0_IRQHandler                          0x000000e3   Thumb Code     0  startup_mspm0g350x_uvision.o(.text)
    SPI1_IRQHandler                          0x000000e3   Thumb Code     0  startup_mspm0g350x_uvision.o(.text)
    TIMA0_IRQHandler                         0x000000e3   Thumb Code     0  startup_mspm0g350x_uvision.o(.text)
    TIMA1_IRQHandler                         0x000000e3   Thumb Code     0  startup_mspm0g350x_uvision.o(.text)
    TIMG0_IRQHandler                         0x000000e3   Thumb Code     0  startup_mspm0g350x_uvision.o(.text)
    TIMG12_IRQHandler                        0x000000e3   Thumb Code     0  startup_mspm0g350x_uvision.o(.text)
    TIMG6_IRQHandler                         0x000000e3   Thumb Code     0  startup_mspm0g350x_uvision.o(.text)
    TIMG7_IRQHandler                         0x000000e3   Thumb Code     0  startup_mspm0g350x_uvision.o(.text)
    TIMG8_IRQHandler                         0x000000e3   Thumb Code     0  startup_mspm0g350x_uvision.o(.text)
    UART0_IRQHandler                         0x000000e3   Thumb Code     0  startup_mspm0g350x_uvision.o(.text)
    UART1_IRQHandler                         0x000000e3   Thumb Code     0  startup_mspm0g350x_uvision.o(.text)
    UART2_IRQHandler                         0x000000e3   Thumb Code     0  startup_mspm0g350x_uvision.o(.text)
    UART3_IRQHandler                         0x000000e3   Thumb Code     0  startup_mspm0g350x_uvision.o(.text)
    __aeabi_uidiv                            0x000000e9   Thumb Code     0  uidiv_div0.o(.text)
    __aeabi_uidivmod                         0x000000e9   Thumb Code    62  uidiv_div0.o(.text)
    __scatterload                            0x00000129   Thumb Code    28  init.o(.text)
    __scatterload_rt2                        0x00000129   Thumb Code     0  init.o(.text)
    DL_Common_delayCycles                    0x0000014d   Thumb Code    10  dl_common.o(.text.DL_Common_delayCycles)
    DL_Timer_initFourCCPWMMode               0x00000159   Thumb Code   272  dl_timer.o(.text.DL_Timer_initFourCCPWMMode)
    DL_Timer_setCaptCompUpdateMethod         0x00000269   Thumb Code    28  dl_timer.o(.text.DL_Timer_setCaptCompUpdateMethod)
    DL_Timer_setCaptureCompareOutCtl         0x00000285   Thumb Code    24  dl_timer.o(.text.DL_Timer_setCaptureCompareOutCtl)
    DL_Timer_setCaptureCompareValue          0x0000029d   Thumb Code    16  dl_timer.o(.text.DL_Timer_setCaptureCompareValue)
    DL_Timer_setClockConfig                  0x000002ad   Thumb Code    28  dl_timer.o(.text.DL_Timer_setClockConfig)
    DL_UART_init                             0x000002c9   Thumb Code    72  dl_uart.o(.text.DL_UART_init)
    DL_UART_receiveDataBlocking              0x00000311   Thumb Code    16  dl_uart.o(.text.DL_UART_receiveDataBlocking)
    DL_UART_setClockConfig                   0x00000321   Thumb Code    18  dl_uart.o(.text.DL_UART_setClockConfig)
    DL_UART_transmitDataBlocking             0x00000335   Thumb Code    24  dl_uart.o(.text.DL_UART_transmitDataBlocking)
    FontReceiver_Run                         0x0000034d   Thumb Code   464  font_receiver.o(.text.FontReceiver_Run)
    OLED_Clear                               0x0000052d   Thumb Code   388  oled.o(.text.OLED_Clear)
    OLED_Init                                0x00000805   Thumb Code  1760  oled.o(.text.OLED_Init)
    OLED_SetFontFlashBase                    0x00000ee5   Thumb Code     8  oled.o(.text.OLED_SetFontFlashBase)
    OLED_ShowChinese                         0x00000eed   Thumb Code  1344  oled.o(.text.OLED_ShowChinese)
    OLED_ShowChineseString                   0x00001431   Thumb Code    58  oled.o(.text.OLED_ShowChineseString)
    OLED_ShowNum                             0x0000146d   Thumb Code   104  oled.o(.text.OLED_ShowNum)
    SYSCFG_DL_GPIO_init                      0x000014d9   Thumb Code   256  ti_msp_dl_config.o(.text.SYSCFG_DL_GPIO_init)
    SYSCFG_DL_SYSCTL_init                    0x00001609   Thumb Code    56  ti_msp_dl_config.o(.text.SYSCFG_DL_SYSCTL_init)
    SYSCFG_DL_UART0_init                     0x00001649   Thumb Code    76  ti_msp_dl_config.o(.text.SYSCFG_DL_UART0_init)
    SYSCFG_DL_WHEEL_init                     0x000016a9   Thumb Code   120  ti_msp_dl_config.o(.text.SYSCFG_DL_WHEEL_init)
    SYSCFG_DL_init                           0x0000173d   Thumb Code    32  ti_msp_dl_config.o(.text.SYSCFG_DL_init)
    SYSCFG_DL_initPower                      0x00001761   Thumb Code    40  ti_msp_dl_config.o(.text.SYSCFG_DL_initPower)
    W25Q64_DisableProtection                 0x000017a1   Thumb Code   480  w25q64.o(.text.W25Q64_DisableProtection)
    W25Q64_EraseSector                       0x00001981   Thumb Code   304  w25q64.o(.text.W25Q64_EraseSector)
    W25Q64_Init                              0x00001ab5   Thumb Code    28  w25q64.o(.text.W25Q64_Init)
    W25Q64_ReadData                          0x00001ad9   Thumb Code   384  w25q64.o(.text.W25Q64_ReadData)
    W25Q64_ReadStatusReg1                    0x00001c65   Thumb Code   328  w25q64.o(.text.W25Q64_ReadStatusReg1)
    W25Q64_Write                             0x00002061   Thumb Code    92  w25q64.o(.text.W25Q64_Write)
    W25Q64_WritePage                         0x000020c1   Thumb Code   328  w25q64.o(.text.W25Q64_WritePage)
    delay                                    0x000022b5   Thumb Code    22  delay.o(.text.delay)
    led_on                                   0x000022cd   Thumb Code    12  led.o(.text.led_on)
    main                                     0x000022dd   Thumb Code    56  empty.o(.text.main)
    uart_available                           0x00002325   Thumb Code    12  uart.o(.text.uart_available)
    uart_getc                                0x00002335   Thumb Code    12  uart.o(.text.uart_getc)
    uart_putc                                0x00002341   Thumb Code    12  uart.o(.text.uart_putc)
    __scatterload_copy                       0x00002351   Thumb Code    14  handlers.o(i.__scatterload_copy)
    __scatterload_null                       0x00002361   Thumb Code     2  handlers.o(i.__scatterload_null)
    __scatterload_zeroinit                   0x00002369   Thumb Code    14  handlers.o(i.__scatterload_zeroinit)
    Region$$Table$$Base                      0x00002390   Number         0  anon$$obj.o(Region$$Table)
    Region$$Table$$Limit                     0x000023a0   Number         0  anon$$obj.o(Region$$Table)
    gWHEELBackup                             0x20200000   Data         160  ti_msp_dl_config.o(.bss.gWHEELBackup)
    __initial_sp                             0x202004a8   Data           0  startup_mspm0g350x_uvision.o(STACK)



==============================================================================

Memory Map of the image

  Image Entry point : 0x000000c1

  Load Region LR_IROM1 (Base: 0x00000000, Size: 0x000023a0, Max: 0x00020000, ABSOLUTE)

    Execution Region ER_IROM1 (Exec base: 0x00000000, Load base: 0x00000000, Size: 0x000023a0, Max: 0x00020000, ABSOLUTE)

    Exec Addr    Load Addr    Size         Type   Attr      Idx    E Section Name        Object

    0x00000000   0x00000000   0x000000c0   Data   RO           16    RESET               startup_mspm0g350x_uvision.o
    0x000000c0   0x000000c0   0x00000000   Code   RO          456  * .ARM.Collect$$$$00000000  mc_p.l(entry.o)
    0x000000c0   0x000000c0   0x00000004   Code   RO          483    .ARM.Collect$$$$00000001  mc_p.l(entry2.o)
    0x000000c4   0x000000c4   0x00000004   Code   RO          486    .ARM.Collect$$$$00000004  mc_p.l(entry5.o)
    0x000000c8   0x000000c8   0x00000000   Code   RO          488    .ARM.Collect$$$$00000008  mc_p.l(entry7b.o)
    0x000000c8   0x000000c8   0x00000000   Code   RO          490    .ARM.Collect$$$$0000000A  mc_p.l(entry8b.o)
    0x000000c8   0x000000c8   0x00000008   Code   RO          491    .ARM.Collect$$$$0000000B  mc_p.l(entry9a.o)
    0x000000d0   0x000000d0   0x00000000   Code   RO          493    .ARM.Collect$$$$0000000D  mc_p.l(entry10a.o)
    0x000000d0   0x000000d0   0x00000000   Code   RO          495    .ARM.Collect$$$$0000000F  mc_p.l(entry11a.o)
    0x000000d0   0x000000d0   0x00000004   Code   RO          484    .ARM.Collect$$$$00002712  mc_p.l(entry2.o)
    0x000000d4   0x000000d4   0x00000014   Code   RO           17    .text               startup_mspm0g350x_uvision.o
    0x000000e8   0x000000e8   0x0000003e   Code   RO          501    .text               mc_p.l(uidiv_div0.o)
    0x00000126   0x00000126   0x00000002   PAD
    0x00000128   0x00000128   0x00000024   Code   RO          512    .text               mc_p.l(init.o)
    0x0000014c   0x0000014c   0x0000000a   Code   RO          305    .text.DL_Common_delayCycles  driverlib.a(dl_common.o)
    0x00000156   0x00000156   0x00000002   PAD
    0x00000158   0x00000158   0x00000110   Code   RO          394    .text.DL_Timer_initFourCCPWMMode  driverlib.a(dl_timer.o)
    0x00000268   0x00000268   0x0000001c   Code   RO          360    .text.DL_Timer_setCaptCompUpdateMethod  driverlib.a(dl_timer.o)
    0x00000284   0x00000284   0x00000018   Code   RO          368    .text.DL_Timer_setCaptureCompareOutCtl  driverlib.a(dl_timer.o)
    0x0000029c   0x0000029c   0x00000010   Code   RO          320    .text.DL_Timer_setCaptureCompareValue  driverlib.a(dl_timer.o)
    0x000002ac   0x000002ac   0x0000001c   Code   RO          314    .text.DL_Timer_setClockConfig  driverlib.a(dl_timer.o)
    0x000002c8   0x000002c8   0x00000048   Code   RO          415    .text.DL_UART_init  driverlib.a(dl_uart.o)
    0x00000310   0x00000310   0x00000010   Code   RO          427    .text.DL_UART_receiveDataBlocking  driverlib.a(dl_uart.o)
    0x00000320   0x00000320   0x00000012   Code   RO          417    .text.DL_UART_setClockConfig  driverlib.a(dl_uart.o)
    0x00000332   0x00000332   0x00000002   PAD
    0x00000334   0x00000334   0x00000018   Code   RO          429    .text.DL_UART_transmitDataBlocking  driverlib.a(dl_uart.o)
    0x0000034c   0x0000034c   0x000001e0   Code   RO          261    .text.FontReceiver_Run  font_receiver.o
    0x0000052c   0x0000052c   0x00000184   Code   RO           53    .text.OLED_Clear    oled.o
    0x000006b0   0x000006b0   0x00000154   Code   RO           79    .text.OLED_I2C_SendByte  oled.o
    0x00000804   0x00000804   0x000006e0   Code   RO           55    .text.OLED_Init     oled.o
    0x00000ee4   0x00000ee4   0x00000008   Code   RO           71    .text.OLED_SetFontFlashBase  oled.o
    0x00000eec   0x00000eec   0x00000544   Code   RO           59    .text.OLED_ShowChinese  oled.o
    0x00001430   0x00001430   0x0000003a   Code   RO           75    .text.OLED_ShowChineseString  oled.o
    0x0000146a   0x0000146a   0x00000002   PAD
    0x0000146c   0x0000146c   0x0000006c   Code   RO           63    .text.OLED_ShowNum  oled.o
    0x000014d8   0x000014d8   0x00000130   Code   RO           28    .text.SYSCFG_DL_GPIO_init  ti_msp_dl_config.o
    0x00001608   0x00001608   0x00000040   Code   RO           30    .text.SYSCFG_DL_SYSCTL_init  ti_msp_dl_config.o
    0x00001648   0x00001648   0x00000060   Code   RO           34    .text.SYSCFG_DL_UART0_init  ti_msp_dl_config.o
    0x000016a8   0x000016a8   0x00000094   Code   RO           32    .text.SYSCFG_DL_WHEEL_init  ti_msp_dl_config.o
    0x0000173c   0x0000173c   0x00000024   Code   RO           24    .text.SYSCFG_DL_init  ti_msp_dl_config.o
    0x00001760   0x00001760   0x00000040   Code   RO           26    .text.SYSCFG_DL_initPower  ti_msp_dl_config.o
    0x000017a0   0x000017a0   0x000001e0   Code   RO          227    .text.W25Q64_DisableProtection  w25q64.o
    0x00001980   0x00001980   0x00000134   Code   RO          237    .text.W25Q64_EraseSector  w25q64.o
    0x00001ab4   0x00001ab4   0x00000024   Code   RO          221    .text.W25Q64_Init   w25q64.o
    0x00001ad8   0x00001ad8   0x0000018c   Code   RO          251    .text.W25Q64_ReadData  w25q64.o
    0x00001c64   0x00001c64   0x00000154   Code   RO          225    .text.W25Q64_ReadStatusReg1  w25q64.o
    0x00001db8   0x00001db8   0x00000158   Code   RO          247    .text.W25Q64_SendBytes  w25q64.o
    0x00001f10   0x00001f10   0x00000150   Code   RO          233    .text.W25Q64_SendCmdEnd  w25q64.o
    0x00002060   0x00002060   0x00000060   Code   RO          249    .text.W25Q64_Write  w25q64.o
    0x000020c0   0x000020c0   0x00000154   Code   RO          245    .text.W25Q64_WritePage  w25q64.o
    0x00002214   0x00002214   0x000000a0   Code   RO          263    .text.calc_flash_crc  font_receiver.o
    0x000022b4   0x000022b4   0x00000016   Code   RO           90    .text.delay         delay.o
    0x000022ca   0x000022ca   0x00000002   PAD
    0x000022cc   0x000022cc   0x00000010   Code   RO          294    .text.led_on        led.o
    0x000022dc   0x000022dc   0x00000048   Code   RO            2    .text.main          empty.o
    0x00002324   0x00002324   0x00000010   Code   RO          279    .text.uart_available  uart.o
    0x00002334   0x00002334   0x0000000c   Code   RO          277    .text.uart_getc     uart.o
    0x00002340   0x00002340   0x00000010   Code   RO          275    .text.uart_putc     uart.o
    0x00002350   0x00002350   0x0000000e   Code   RO          516    i.__scatterload_copy  mc_p.l(handlers.o)
    0x0000235e   0x0000235e   0x00000002   PAD
    0x00002360   0x00002360   0x00000002   Code   RO          517    i.__scatterload_null  mc_p.l(handlers.o)
    0x00002362   0x00002362   0x00000006   PAD
    0x00002368   0x00002368   0x0000000e   Code   RO          518    i.__scatterload_zeroinit  mc_p.l(handlers.o)
    0x00002376   0x00002376   0x00000002   Data   RO           43    .rodata.gUART0ClockConfig  ti_msp_dl_config.o
    0x00002378   0x00002378   0x0000000a   Data   RO           44    .rodata.gUART0Config  ti_msp_dl_config.o
    0x00002382   0x00002382   0x00000003   Data   RO           41    .rodata.gWHEELClockConfig  ti_msp_dl_config.o
    0x00002385   0x00002385   0x00000003   PAD
    0x00002388   0x00002388   0x00000008   Data   RO           42    .rodata.gWHEELConfig  ti_msp_dl_config.o
    0x00002390   0x00002390   0x00000010   Data   RO          515    Region$$Table       anon$$obj.o


    Execution Region RW_IRAM2 (Exec base: 0x20200000, Load base: 0x000023a0, Size: 0x000004a8, Max: 0x00008000, ABSOLUTE)

    Exec Addr    Load Addr    Size         Type   Attr      Idx    E Section Name        Object

    0x20200000        -       0x000000a0   Zero   RW           40    .bss.gWHEELBackup   ti_msp_dl_config.o
    0x202000a0        -       0x00000004   Zero   RW           81    .bss.g_fontFlashAddr  oled.o
    0x202000a4   0x000023a0   0x00000004   PAD
    0x202000a8        -       0x00000400   Zero   RW           14    STACK               startup_mspm0g350x_uvision.o



  Load Region LR_BCR (Base: 0x41c00000, Size: 0x00000000, Max: 0x00000100, ABSOLUTE)

    Execution Region BCR_CONFIG (Exec base: 0x41c00000, Load base: 0x41c00000, Size: 0x00000000, Max: 0x000000ff, ABSOLUTE)

    **** No section assigned to this execution region ****



  Load Region LR_BSL (Base: 0x41c00100, Size: 0x00000000, Max: 0x00000100, ABSOLUTE)

    Execution Region BSL_CONFIG (Exec base: 0x41c00100, Load base: 0x41c00100, Size: 0x00000000, Max: 0x00000080, ABSOLUTE)

    **** No section assigned to this execution region ****


==============================================================================

Image component sizes


      Code (inc. data)   RO Data    RW Data    ZI Data      Debug   Object Name

        22          0          0          0          0        551   delay.o
        72         16          0          0          0       1092   empty.o
       640         20          0          0          0       4767   font_receiver.o
        16          4          0          0          0       3504   led.o
      4010         20          0          0          4      41164   oled.o
        20          4        192          0       1024        600   startup_mspm0g350x_uvision.o
       712        132         23          0        160      23205   ti_msp_dl_config.o
        44          8          0          0          0       3817   uart.o
      2676         68          0          0          0      30265   w25q64.o

    ----------------------------------------------------------------------
      8216        272        234          0       1192     108965   Object Totals
         0          0         16          0          0          0   (incl. Generated)
         4          0          3          0          4          0   (incl. Padding)

    ----------------------------------------------------------------------

      Code (inc. data)   RO Data    RW Data    ZI Data      Debug   Library Member Name

        10          0          0          0          0        803   dl_common.o
       368         44          0          0          0      42858   dl_timer.o
       130         12          0          0          0      14235   dl_uart.o
         0          0          0          0          0          0   entry.o
         0          0          0          0          0          0   entry10a.o
         0          0          0          0          0          0   entry11a.o
         8          4          0          0          0          0   entry2.o
         4          0          0          0          0          0   entry5.o
         0          0          0          0          0          0   entry7b.o
         0          0          0          0          0          0   entry8b.o
         8          4          0          0          0          0   entry9a.o
        30          0          0          0          0          0   handlers.o
        36          8          0          0          0         68   init.o
        62          0          0          0          0         72   uidiv_div0.o

    ----------------------------------------------------------------------
       670         72          0          0          0      58036   Library Totals
        14          0          0          0          0          0   (incl. Padding)

    ----------------------------------------------------------------------

      Code (inc. data)   RO Data    RW Data    ZI Data      Debug   Library Name

       508         56          0          0          0      57896   driverlib.a
       148         16          0          0          0        140   mc_p.l

    ----------------------------------------------------------------------
       670         72          0          0          0      58036   Library Totals

    ----------------------------------------------------------------------

==============================================================================


      Code (inc. data)   RO Data    RW Data    ZI Data      Debug   

      8886        344        234          0       1192     166953   Grand Totals
      8886        344        234          0       1192     166953   ELF Image Totals
      8886        344        234          0          0          0   ROM Totals

==============================================================================

    Total RO  Size (Code + RO Data)                 9120 (   8.91kB)
    Total RW  Size (RW Data + ZI Data)              1192 (   1.16kB)
    Total ROM Size (Code + RO Data + RW Data)       9120 (   8.91kB)

==============================================================================

